Component: ARM Compiler 5.06 update 6 (build 750) Tool: armlink [4d35ed]

==============================================================================

Section Cross References

    main.o(i.Deposit) refers to scanf1.o(x$fpl$scanf1) for _scanf_real
    main.o(i.Deposit) refers to _printf_percent.o(.ARM.Collect$$_printf_percent$$00000000) for _printf_percent
    main.o(i.Deposit) refers to _printf_f.o(.ARM.Collect$$_printf_percent$$00000003) for _printf_f
    main.o(i.Deposit) refers to printf1.o(x$fpl$printf1) for _printf_fp_dec
    main.o(i.Deposit) refers to noretval__2printf.o(.text) for __2printf
    main.o(i.Deposit) refers to __0scanf.o(.text) for __0scanf
    main.o(i.Deposit) refers to f2d.o(x$fpl$f2d) for __aeabi_f2d
    main.o(i.Withdraw) refers to scanf1.o(x$fpl$scanf1) for _scanf_real
    main.o(i.Withdraw) refers to _printf_percent.o(.ARM.Collect$$_printf_percent$$00000000) for _printf_percent
    main.o(i.Withdraw) refers to _printf_f.o(.ARM.Collect$$_printf_percent$$00000003) for _printf_f
    main.o(i.Withdraw) refers to printf1.o(x$fpl$printf1) for _printf_fp_dec
    main.o(i.Withdraw) refers to noretval__2printf.o(.text) for __2printf
    main.o(i.Withdraw) refers to __0scanf.o(.text) for __0scanf
    main.o(i.Withdraw) refers to f2d.o(x$fpl$f2d) for __aeabi_f2d
    main.o(i.main) refers to _scanf_int.o(.text) for _scanf_int
    main.o(i.main) refers to _printf_percent.o(.ARM.Collect$$_printf_percent$$00000000) for _printf_percent
    main.o(i.main) refers to _printf_s.o(.ARM.Collect$$_printf_percent$$00000014) for _printf_s
    main.o(i.main) refers to _printf_str.o(.text) for _printf_str
    main.o(i.main) refers to redirectprintf.o(i.OutputInit) for OutputInit
    main.o(i.main) refers to rt_memcpy_w.o(.text) for __aeabi_memcpy4
    main.o(i.main) refers to noretval__2printf.o(.text) for __2printf
    main.o(i.main) refers to __0scanf.o(.text) for __0scanf
    main.o(i.main) refers to main.o(i.printMenu) for printMenu
    main.o(i.main) refers to main.o(i.Withdraw) for Withdraw
    main.o(i.main) refers to main.o(i.Deposit) for Deposit
    main.o(i.printMenu) refers to noretval__2printf.o(.text) for __2printf
    redirectprintf.o(i.fgetc) refers to redirectprintf.o(i.ReadInput) for ReadInput
    redirectprintf.o(i.fgetc) refers to redirectprintf.o(i.SendOutput) for SendOutput
    redirectprintf.o(i.fputc) refers to redirectprintf.o(i.SendOutput) for SendOutput
    startup_msp432p401r_uvision.o(STACK) refers (Special) to heapauxi.o(.text) for __use_two_region_memory
    startup_msp432p401r_uvision.o(HEAP) refers (Special) to heapauxi.o(.text) for __use_two_region_memory
    startup_msp432p401r_uvision.o(RESET) refers (Special) to heapauxi.o(.text) for __use_two_region_memory
    startup_msp432p401r_uvision.o(RESET) refers to startup_msp432p401r_uvision.o(STACK) for __initial_sp
    startup_msp432p401r_uvision.o(RESET) refers to startup_msp432p401r_uvision.o(.text) for Reset_Handler
    startup_msp432p401r_uvision.o(.text) refers (Special) to heapauxi.o(.text) for __use_two_region_memory
    startup_msp432p401r_uvision.o(.text) refers to system_msp432p401r.o(i.SystemInit) for SystemInit
    startup_msp432p401r_uvision.o(.text) refers to __main.o(!!!main) for __main
    startup_msp432p401r_uvision.o(.text) refers to startup_msp432p401r_uvision.o(HEAP) for Heap_Mem
    startup_msp432p401r_uvision.o(.text) refers to startup_msp432p401r_uvision.o(STACK) for Stack_Mem
    system_msp432p401r.o(i.SystemCoreClockUpdate) refers to system_msp432p401r.o(.data) for SystemCoreClock
    __2printf.o(.text) refers to _printf_char_file.o(.text) for _printf_char_file
    __2printf.o(.text) refers to redirectprintf.o(.data) for __stdout
    noretval__2printf.o(.text) refers to _printf_char_file.o(.text) for _printf_char_file
    noretval__2printf.o(.text) refers to redirectprintf.o(.data) for __stdout
    __printf.o(.text) refers to _printf_percent.o(.ARM.Collect$$_printf_percent$$00000000) for _printf_percent
    _printf_str.o(.text) refers (Special) to _printf_char.o(.text) for _printf_cs_common
    __printf_flags.o(.text) refers to _printf_percent.o(.ARM.Collect$$_printf_percent$$00000000) for _printf_percent
    __printf_flags.o(.text) refers to __printf_flags.o(.constdata) for .constdata
    __printf_ss.o(.text) refers to _printf_percent.o(.ARM.Collect$$_printf_percent$$00000000) for _printf_percent
    __printf_flags_ss.o(.text) refers to _printf_percent.o(.ARM.Collect$$_printf_percent$$00000000) for _printf_percent
    __printf_flags_ss.o(.text) refers to __printf_flags_ss.o(.constdata) for .constdata
    __printf_wp.o(.text) refers to __printf_wp.o(i._is_digit) for _is_digit
    __printf_wp.o(.text) refers to _printf_percent.o(.ARM.Collect$$_printf_percent$$00000000) for _printf_percent
    __printf_flags_wp.o(.text) refers to __printf_wp.o(i._is_digit) for _is_digit
[...]
    ddiv.o(x$fpl$ddiv) refers (Special) to usenofp.o(x$fpl$usenofp) for __I$use$fp
    ddiv.o(x$fpl$ddiv) refers to dretinf.o(x$fpl$dretinf) for __fpl_dretinf
    ddiv.o(x$fpl$ddiv) refers to dnaninf.o(x$fpl$dnaninf) for __fpl_dnaninf
    rt_raise.o(.text) refers to __raise.o(.text) for __raise
    rt_raise.o(.text) refers to sys_exit.o(.text) for _sys_exit
    defsig_exit.o(.text) refers to sys_exit.o(.text) for _sys_exit
    defsig_rtmem_inner.o(.text) refers to defsig_general.o(.text) for __default_signal_display
    retnan.o(x$fpl$retnan) refers (Special) to usenofp.o(x$fpl$usenofp) for __I$use$fp
    retnan.o(x$fpl$retnan) refers to trapv.o(x$fpl$trapveneer) for __fpl_cmpreturn
    __raise.o(.text) refers to defsig.o(CL$$defsig) for __default_signal_handler
    defsig_general.o(.text) refers to sys_wrch.o(.text) for _ttywrch
    trapv.o(x$fpl$trapveneer) refers (Special) to usenofp.o(x$fpl$usenofp) for __I$use$fp
    sys_wrch.o(.text) refers (Special) to use_no_semi.o(.text) for __I$use$semihosting
    sys_wrch.o(.text) refers (Special) to indicate_semi.o(.text) for __semihosting_library_function
    defsig.o(CL$$defsig) refers to defsig_rtmem_inner.o(.text) for __rt_SIGRTMEM_inner
    defsig_abrt_inner.o(.text) refers to defsig_general.o(.text) for __default_signal_display
    defsig_fpe_inner.o(.text) refers to defsig_general.o(.text) for __default_signal_display
    defsig_rtred_inner.o(.text) refers to defsig_general.o(.text) for __default_signal_display
    defsig_stak_inner.o(.text) refers to defsig_general.o(.text) for __default_signal_display
    defsig_pvfn_inner.o(.text) refers to defsig_general.o(.text) for __default_signal_display
    defsig_cppl_inner.o(.text) refers to defsig_general.o(.text) for __default_signal_display
    defsig_segv_inner.o(.text) refers to defsig_general.o(.text) for __default_signal_display
    defsig_other.o(.text) refers to defsig_general.o(.text) for __default_signal_display


==============================================================================

Removing Unused input sections from the image.

    Removing redirectprintf.o(.rev16_text), (4 bytes).
    Removing redirectprintf.o(.revsh_text), (4 bytes).
    Removing redirectprintf.o(.rrx_text), (6 bytes).
    Removing system_msp432p401r.o(.rev16_text), (4 bytes).
    Removing system_msp432p401r.o(.revsh_text), (4 bytes).
    Removing system_msp432p401r.o(.rrx_text), (6 bytes).
    Removing system_msp432p401r.o(i.SystemCoreClockUpdate), (628 bytes).
    Removing system_msp432p401r.o(.data), (4 bytes).

8 unused section(s) (total 660 bytes) removed from the image.

==============================================================================

Image Symbol Table

    Local Symbols

    Symbol Name                              Value     Ov Type        Size  Object(Section)

    RESET                                    0x00000000   Section      324  startup_msp432p401r_uvision.o(RESET)
    ../clib/angel/boardlib.s                 0x00000000   Number         0  boardinit3.o ABSOLUTE
    ../clib/angel/boardlib.s                 0x00000000   Number         0  boardshut.o ABSOLUTE
    ../clib/angel/boardlib.s                 0x00000000   Number         0  boardinit1.o ABSOLUTE
    ../clib/angel/boardlib.s                 0x00000000   Number         0  boardinit2.o ABSOLUTE
    ../clib/angel/handlers.s                 0x00000000   Number         0  __scatter_zi.o ABSOLUTE
    ../clib/angel/handlers.s                 0x00000000   Number         0  __scatter_copy.o ABSOLUTE
    ../clib/angel/kernel.s                   0x00000000   Number         0  __rtentry.o ABSOLUTE
    ../clib/angel/kernel.s                   0x00000000   Number         0  rtexit2.o ABSOLUTE
    ../clib/angel/kernel.s                   0x00000000   Number         0  __rtentry2.o ABSOLUTE
    ../clib/angel/kernel.s                   0x00000000   Number         0  __rtentry4.o ABSOLUTE
    ../clib/angel/kernel.s                   0x00000000   Number         0  rtexit.o ABSOLUTE
    ../clib/angel/rt.s                       0x00000000   Number         0  rt_errno_addr.o ABSOLUTE
    ../clib/angel/rt.s                       0x00000000   Number         0  rt_errno_addr_intlibspace.o ABSOLUTE
    ../clib/angel/rt.s                       0x00000000   Number         0  rt_ctype_table.o ABSOLUTE
    ../clib/angel/rt.s                       0x00000000   Number         0  rt_locale.o ABSOLUTE
    ../clib/angel/rt.s                       0x00000000   Number         0  rt_raise.o ABSOLUTE
    ../clib/angel/rt.s                       0x00000000   Number         0  rt_locale_intlibspace.o ABSOLUTE
    ../clib/angel/scatter.s                  0x00000000   Number         0  __scatter.o ABSOLUTE
    ../clib/angel/startup.s                  0x00000000   Number         0  __main.o ABSOLUTE
    ../clib/angel/sys.s                      0x00000000   Number         0  use_no_semi.o ABSOLUTE
    ../clib/angel/sys.s                      0x00000000   Number         0  indicate_semi.o ABSOLUTE
    ../clib/angel/sys.s                      0x00000000   Number         0  libspace.o ABSOLUTE
    ../clib/angel/sys.s                      0x00000000   Number         0  sys_stackheap_outer.o ABSOLUTE
    ../clib/angel/sysapp.c                   0x00000000   Number         0  sys_command.o ABSOLUTE
    ../clib/angel/sysapp.c                   0x00000000   Number         0  sys_exit.o ABSOLUTE
    ../clib/angel/sysapp.c                   0x00000000   Number         0  sys_wrch.o ABSOLUTE
    ../clib/armsys.c                         0x00000000   Number         0  _get_argv_nomalloc.o ABSOLUTE
    ../clib/armsys.c                         0x00000000   Number         0  argv_veneer.o ABSOLUTE
    ../clib/armsys.c                         0x00000000   Number         0  argv_veneer.o ABSOLUTE
    ../clib/armsys.c                         0x00000000   Number         0  no_argv.o ABSOLUTE
    ../clib/bigflt.c                         0x00000000   Number         0  bigflt0.o ABSOLUTE
    ../clib/btod.s                           0x00000000   Number         0  btod.o ABSOLUTE
    ../clib/ctype.c                          0x00000000   Number         0  isspace.o ABSOLUTE
    ../clib/fenv.c                           0x00000000   Number         0  _rserrno.o ABSOLUTE
    ../clib/heapalloc.c                      0x00000000   Number         0  hrguard.o ABSOLUTE
    ../clib/heapaux.c                        0x00000000   Number         0  heapauxi.o ABSOLUTE
    ../clib/libinit.s                        0x00000000   Number         0  libshutdown2.o ABSOLUTE
    ../clib/libinit.s                        0x00000000   Number         0  libinit2.o ABSOLUTE
    ../clib/libinit.s                        0x00000000   Number         0  libinit.o ABSOLUTE
    ../clib/libinit.s                        0x00000000   Number         0  libshutdown.o ABSOLUTE
    ../clib/locale.s                         0x00000000   Number         0  lc_numeric_c.o ABSOLUTE
    ../clib/locale.s                         0x00000000   Number         0  lc_ctype_c.o ABSOLUTE
    ../clib/longlong.s                       0x00000000   Number         0  llshl.o ABSOLUTE
    ../clib/longlong.s                       0x00000000   Number         0  lludiv10.o ABSOLUTE
    ../clib/memcpset.s                       0x00000000   Number         0  rt_memcpy_w.o ABSOLUTE
    ../clib/memcpset.s                       0x00000000   Number         0  strcmpv7m.o ABSOLUTE
    ../clib/misc.s                           0x00000000   Number         0  printf_stubs.o ABSOLUTE
    ../clib/printf.c                         0x00000000   Number         0  __printf_flags.o ABSOLUTE
    ../clib/printf.c                         0x00000000   Number         0  __printf_ss.o ABSOLUTE
    ../clib/printf.c                         0x00000000   Number         0  __printf_flags_ss_wp.o ABSOLUTE
    ../clib/printf.c                         0x00000000   Number         0  __printf_wp.o ABSOLUTE
    ../clib/printf.c                         0x00000000   Number         0  __printf_flags_wp.o ABSOLUTE
    ../clib/printf.c                         0x00000000   Number         0  __printf_ss_wp.o ABSOLUTE
    ../clib/printf.c                         0x00000000   Number         0  _printf_fp_dec.o ABSOLUTE
    ../clib/printf.c                         0x00000000   Number         0  _printf_char_file.o ABSOLUTE
    ../clib/printf.c                         0x00000000   Number         0  __printf_flags_ss.o ABSOLUTE
    ../clib/printf.c                         0x00000000   Number         0  _printf_fp_infnan.o ABSOLUTE
    ../clib/printf.c                         0x00000000   Number         0  __printf_nopercent.o ABSOLUTE
    ../clib/printf.c                         0x00000000   Number         0  _printf_char.o ABSOLUTE
    ../clib/printf.c                         0x00000000   Number         0  __2printf.o ABSOLUTE
    ../clib/printf.c                         0x00000000   Number         0  _printf_char_common.o ABSOLUTE
    ../clib/printf.c                         0x00000000   Number         0  noretval__2printf.o ABSOLUTE
    ../clib/printf.c                         0x00000000   Number         0  __printf.o ABSOLUTE
    ../clib/printf.c                         0x00000000   Number         0  _printf_str.o ABSOLUTE
    ../clib/printf_percent.s                 0x00000000   Number         0  _printf_percent.o ABSOLUTE
    ../clib/printf_percent.s                 0x00000000   Number         0  _printf_s.o ABSOLUTE
    ../clib/printf_percent.s                 0x00000000   Number         0  _printf_f.o ABSOLUTE
    ../clib/printf_percent.s                 0x00000000   Number         0  _printf_percent_end.o ABSOLUTE
    ../clib/scanf.c                          0x00000000   Number         0  _scanf_int.o ABSOLUTE
    ../clib/scanf.c                          0x00000000   Number         0  _chval.o ABSOLUTE
    ../clib/scanf.c                          0x00000000   Number         0  scanf_fp.o ABSOLUTE
    ../clib/scanf.c                          0x00000000   Number         0  scanf_char_file.o ABSOLUTE
    ../clib/scanf.c                          0x00000000   Number         0  scanf_char.o ABSOLUTE
    ../clib/scanf.c                          0x00000000   Number         0  scanf_infnan.o ABSOLUTE
    ../clib/scanf.c                          0x00000000   Number         0  scanf_hexfp.o ABSOLUTE
    ../clib/scanf.c                          0x00000000   Number         0  _scanf.o ABSOLUTE
    ../clib/scanf.c                          0x00000000   Number         0  __0scanf.o ABSOLUTE
    ../clib/signal.c                         0x00000000   Number         0  __raise.o ABSOLUTE
    ../clib/signal.c                         0x00000000   Number         0  defsig_general.o ABSOLUTE
    ../clib/signal.c                         0x00000000   Number         0  defsig_fpe_inner.o ABSOLUTE
    ../clib/signal.c                         0x00000000   Number         0  defsig_cppl_inner.o ABSOLUTE
    ../clib/signal.c                         0x00000000   Number         0  defsig_pvfn_inner.o ABSOLUTE
    ../clib/signal.c                         0x00000000   Number         0  defsig_other.o ABSOLUTE
    ../clib/signal.c                         0x00000000   Number         0  defsig_stak_inner.o ABSOLUTE
    ../clib/signal.c                         0x00000000   Number         0  defsig_segv_inner.o ABSOLUTE
    ../clib/signal.c                         0x00000000   Number         0  defsig_rtred_inner.o ABSOLUTE
    ../clib/signal.c                         0x00000000   Number         0  defsig_rtmem_outer.o ABSOLUTE
    ../clib/signal.c                         0x00000000   Number         0  defsig_abrt_inner.o ABSOLUTE
    ../clib/signal.c                         0x00000000   Number         0  defsig_rtmem_formal.o ABSOLUTE
    ../clib/signal.c                         0x00000000   Number         0  defsig_exit.o ABSOLUTE
    ../clib/signal.c                         0x00000000   Number         0  defsig_rtmem_inner.o ABSOLUTE
    ../clib/signal.s                         0x00000000   Number         0  defsig.o ABSOLUTE
    ../clib/stdio.c                          0x00000000   Number         0  ungetc.o ABSOLUTE
    ../clib/stdio.c                          0x00000000   Number         0  ferror_locked.o ABSOLUTE
    ../clib/stdio.c                          0x00000000   Number         0  backspace_locked.o ABSOLUTE
    ../clib/stdio.c                          0x00000000   Number         0  ferror.o ABSOLUTE
    ../clib/stdio.c                          0x00000000   Number         0  backspace.o ABSOLUTE
    ../clib/stdlib.c                         0x00000000   Number         0  exit.o ABSOLUTE
    ../fplib/d2f.s                           0x00000000   Number         0  d2f.o ABSOLUTE
    ../fplib/daddsub.s                       0x00000000   Number         0  daddsub_clz.o ABSOLUTE
    ../fplib/dcheck1.s                       0x00000000   Number         0  dcheck1.o ABSOLUTE
    ../fplib/dcmpi.s                         0x00000000   Number         0  dcmpi.o ABSOLUTE
    ../fplib/ddiv.s                          0x00000000   Number         0  ddiv.o ABSOLUTE
    ../fplib/deqf.s                          0x00000000   Number         0  deqf.o ABSOLUTE
    ../fplib/dleqf.s                         0x00000000   Number         0  dleqf.o ABSOLUTE
    ../fplib/dmul.s                          0x00000000   Number         0  dmul.o ABSOLUTE
    ../fplib/dnaninf.s                       0x00000000   Number         0  dnaninf.o ABSOLUTE
    ../fplib/dretinf.s                       0x00000000   Number         0  dretinf.o ABSOLUTE
    ../fplib/drleqf.s                        0x00000000   Number         0  drleqf.o ABSOLUTE
    ../fplib/f2d.s                           0x00000000   Number         0  f2d.o ABSOLUTE
    ../fplib/fnaninf.s                       0x00000000   Number         0  fnaninf.o ABSOLUTE
    ../fplib/fpconst.s                       0x00000000   Number         0  fpconst.o ABSOLUTE
    ../fplib/fpinit.s                        0x00000000   Number         0  fpinit.o ABSOLUTE
    ../fplib/fretinf.s                       0x00000000   Number         0  fretinf.o ABSOLUTE
    ../fplib/istatus.s                       0x00000000   Number         0  istatus.o ABSOLUTE
    ../fplib/printf1.s                       0x00000000   Number         0  printf1.o ABSOLUTE
    ../fplib/retnan.s                        0x00000000   Number         0  retnan.o ABSOLUTE
    ../fplib/scalbn.s                        0x00000000   Number         0  scalbn.o ABSOLUTE
    ../fplib/scanf1.s                        0x00000000   Number         0  scanf1.o ABSOLUTE
    ../fplib/scanf2.s                        0x00000000   Number         0  scanf2.o ABSOLUTE
    ../fplib/scanf2a.s                       0x00000000   Number         0  scanf2a.o ABSOLUTE
    ../fplib/scanf2b.s                       0x00000000   Number         0  scanf2b.o ABSOLUTE
    ../fplib/trapv.s                         0x00000000   Number         0  trapv.o ABSOLUTE
    ../fplib/usenofp.s                       0x00000000   Number         0  usenofp.o ABSOLUTE
    ../mathlib/dunder.c                      0x00000000   Number         0  dunder.o ABSOLUTE
    ../mathlib/fpclassify.c                  0x00000000   Number         0  fpclassify.o ABSOLUTE
    ../mathlib/frexp.c                       0x00000000   Number         0  frexp.o ABSOLUTE
    ../mathlib/ldexp.c                       0x00000000   Number         0  ldexp_x.o ABSOLUTE
    ../mathlib/ldexp.c                       0x00000000   Number         0  ldexp.o ABSOLUTE
    ../mathlib/narrow.c                      0x00000000   Number         0  narrow.o ABSOLUTE
    ../mathlib/qnan.c                        0x00000000   Number         0  qnan.o ABSOLUTE
    RTE\Device\MSP432P401R\startup_msp432p401r_uvision.s 0x00000000   Number         0  startup_msp432p401r_uvision.o ABSOLUTE
    RTE\Device\MSP432P401R\system_msp432p401r.c 0x00000000   Number         0  system_msp432p401r.o ABSOLUTE
    RTE\\Device\\MSP432P401R\\system_msp432p401r.c 0x00000000   Number         0  system_msp432p401r.o ABSOLUTE
    RedirectPrintf.c                         0x00000000   Number         0  redirectprintf.o ABSOLUTE
    RedirectPrintf.c                         0x00000000   Number         0  redirectprintf.o ABSOLUTE
    dc.s                                     0x00000000   Number         0  dc.o ABSOLUTE
    main.c                                   0x00000000   Number         0  main.o ABSOLUTE
    !!!main                                  0x00000144   Section        8  __main.o(!!!main)
    !!!scatter                               0x0000014c   Section       52  __scatter.o(!!!scatter)
    !!handler_copy                           0x00000180   Section       26  __scatter_copy.o(!!handler_copy)
    !!handler_zi                             0x0000019c   Section       28  __scatter_zi.o(!!handler_zi)
    .ARM.Collect$$_printf_percent$$00000000  0x000001b8   Section        0  _printf_percent.o(.ARM.Collect$$_printf_percent$$00000000)
    .ARM.Collect$$_printf_percent$$00000003  0x000001b8   Section        6  _printf_f.o(.ARM.Collect$$_printf_percent$$00000003)
    .ARM.Collect$$_printf_percent$$00000014  0x000001be   Section        6  _printf_s.o(.ARM.Collect$$_printf_percent$$00000014)
    .ARM.Collect$$_printf_percent$$00000017  0x000001c4   Section        4  _printf_percent_end.o(.ARM.Collect$$_printf_percent$$00000017)
    .ARM.Collect$$libinit$$00000000          0x000001c8   Section        2  libinit.o(.ARM.Collect$$libinit$$00000000)
    .ARM.Collect$$libinit$$00000001          0x000001ca   Section        4  libinit2.o(.ARM.Collect$$libinit$$00000001)
    .ARM.Collect$$libinit$$00000004          0x000001ce   Section        0  libinit2.o(.ARM.Collect$$libinit$$00000004)
    .ARM.Collect$$libinit$$0000000A          0x000001ce   Section        0  libinit2.o(.ARM.Collect$$libinit$$0000000A)
    .ARM.Collect$$libinit$$0000000C          0x000001ce   Section        0  libinit2.o(.ARM.Collect$$libinit$$0000000C)
    .ARM.Collect$$libinit$$0000000E          0x000001ce   Section        0  libinit2.o(.ARM.Collect$$libinit$$0000000E)
    .ARM.Collect$$libinit$$0000000F          0x000001ce   Section        6  libinit2.o(.ARM.Collect$$libinit$$0000000F)
    .ARM.Collect$$libinit$$00000011          0x000001d4   Section        0  libinit2.o(.ARM.Collect$$libinit$$00000011)
    .ARM.Collect$$libinit$$00000012          0x000001d4   Section       12  libinit2.o(.ARM.Collect$$libinit$$00000012)
    .ARM.Collect$$libinit$$00000013          0x000001e0   Section        0  libinit2.o(.ARM.Collect$$libinit$$00000013)
    .ARM.Collect$$libinit$$00000015          0x000001e0   Section        0  libinit2.o(.ARM.Collect$$libinit$$00000015)
    .ARM.Collect$$libinit$$00000016          0x000001e0   Section       10  libinit2.o(.ARM.Collect$$libinit$$00000016)
    .ARM.Collect$$libinit$$00000017          0x000001ea   Section        0  libinit2.o(.ARM.Collect$$libinit$$00000017)
    .ARM.Collect$$libinit$$00000019          0x000001ea   Section        0  libinit2.o(.ARM.Collect$$libinit$$00000019)
    .ARM.Collect$$libinit$$0000001B          0x000001ea   Section        0  libinit2.o(.ARM.Collect$$libinit$$0000001B)
    .ARM.Collect$$libinit$$0000001D          0x000001ea   Section        0  libinit2.o(.ARM.Collect$$libinit$$0000001D)
    .ARM.Collect$$libinit$$0000001F          0x000001ea   Section        0  libinit2.o(.ARM.Collect$$libinit$$0000001F)
    .ARM.Collect$$libinit$$00000021          0x000001ea   Section        0  libinit2.o(.ARM.Collect$$libinit$$00000021)
    .ARM.Collect$$libinit$$00000023          0x000001ea   Section        0  libinit2.o(.ARM.Collect$$libinit$$00000023)
    .ARM.Collect$$libinit$$00000025          0x000001ea   Section        0  libinit2.o(.ARM.Collect$$libinit$$00000025)
    .ARM.Collect$$libinit$$0000002C          0x000001ea   Section        0  libinit2.o(.ARM.Collect$$libinit$$0000002C)
    .ARM.Collect$$libinit$$0000002E          0x000001ea   Section        0  libinit2.o(.ARM.Collect$$libinit$$0000002E)
    .ARM.Collect$$libinit$$00000030          0x000001ea   Section        0  libinit2.o(.ARM.Collect$$libinit$$00000030)
    .ARM.Collect$$libinit$$00000032          0x000001ea   Section        0  libinit2.o(.ARM.Collect$$libinit$$00000032)
    .ARM.Collect$$libinit$$00000033          0x000001ea   Section        2  libinit2.o(.ARM.Collect$$libinit$$00000033)
    .ARM.Collect$$libshutdown$$00000000      0x000001ec   Section        2  libshutdown.o(.ARM.Collect$$libshutdown$$00000000)
    .ARM.Collect$$libshutdown$$00000002      0x000001ee   Section        0  libshutdown2.o(.ARM.Collect$$libshutdown$$00000002)
    .ARM.Collect$$libshutdown$$00000004      0x000001ee   Section        0  libshutdown2.o(.ARM.Collect$$libshutdown$$00000004)
    .ARM.Collect$$libshutdown$$00000007      0x000001ee   Section        0  libshutdown2.o(.ARM.Collect$$libshutdown$$00000007)
    .ARM.Collect$$libshutdown$$0000000A      0x000001ee   Section        0  libshutdown2.o(.ARM.Collect$$libshutdown$$0000000A)
    .ARM.Collect$$libshutdown$$0000000C      0x000001ee   Section        0  libshutdown2.o(.ARM.Collect$$libshutdown$$0000000C)
    .ARM.Collect$$libshutdown$$0000000F      0x000001ee   Section        0  libshutdown2.o(.ARM.Collect$$libshutdown$$0000000F)
    .ARM.Collect$$libshutdown$$00000010      0x000001ee   Section        2  libshutdown2.o(.ARM.Collect$$libshutdown$$00000010)
    .ARM.Collect$$rtentry$$00000000          0x000001f0   Section        0  __rtentry.o(.ARM.Collect$$rtentry$$00000000)
    .ARM.Collect$$rtentry$$00000002          0x000001f0   Section        0  __rtentry2.o(.ARM.Collect$$rtentry$$00000002)
    .ARM.Collect$$rtentry$$00000004          0x000001f0   Section        6  __rtentry4.o(.ARM.Collect$$rtentry$$00000004)
    .ARM.Collect$$rtentry$$00000009          0x000001f6   Section        0  __rtentry2.o(.ARM.Collect$$rtentry$$00000009)
    .ARM.Collect$$rtentry$$0000000A          0x000001f6   Section        4  __rtentry2.o(.ARM.Collect$$rtentry$$0000000A)
    .ARM.Collect$$rtentry$$0000000C          0x000001fa   Section        0  __rtentry2.o(.ARM.Collect$$rtentry$$0000000C)
    .ARM.Collect$$rtentry$$0000000D          0x000001fa   Section        8  __rtentry2.o(.ARM.Collect$$rtentry$$0000000D)
    .ARM.Collect$$rtexit$$00000000           0x00000202   Section        2  rtexit.o(.ARM.Collect$$rtexit$$00000000)
    .ARM.Collect$$rtexit$$00000002           0x00000204   Section        0  rtexit2.o(.ARM.Collect$$rtexit$$00000002)
    .ARM.Collect$$rtexit$$00000003           0x00000204   Section        4  rtexit2.o(.ARM.Collect$$rtexit$$00000003)
    .ARM.Collect$$rtexit$$00000004           0x00000208   Section        6  rtexit2.o(.ARM.Collect$$rtexit$$00000004)
    .text                                    0x00000210   Section       60  startup_msp432p401r_uvision.o(.text)
    $v0                                      0x00000210   Number         0  startup_msp432p401r_uvision.o(.text)
    .text                                    0x0000024c   Section        0  noretval__2printf.o(.text)
    .text                                    0x00000264   Section        0  _printf_str.o(.text)
    .text                                    0x000002b6   Section        0  __printf_wp.o(.text)
    .text                                    0x000003c4   Section        0  __0scanf.o(.text)
    .text                                    0x000003e4   Section        0  _scanf_int.o(.text)
    .text                                    0x00000530   Section      100  rt_memcpy_w.o(.text)
    .text                                    0x00000594   Section        0  heapauxi.o(.text)
    .text                                    0x0000059a   Section        0  _printf_fp_dec.o(.text)
    _fp_digits                               0x0000059d   Thumb Code   432  _printf_fp_dec.o(.text)
    .text                                    0x000009b8   Section        0  _printf_char.o(.text)
    .text                                    0x000009e4   Section        0  _printf_char_file.o(.text)
    .text                                    0x00000a08   Section        0  _chval.o(.text)
    .text                                    0x00000a24   Section        0  scanf_fp.o(.text)
    _fp_value                                0x00000a25   Thumb Code   588  scanf_fp.o(.text)
    .text                                    0x00000f1c   Section        0  scanf_char_file.o(.text)
    .text                                    0x00000f34   Section        8  rt_locale_intlibspace.o(.text)
    .text                                    0x00000f3c   Section        8  rt_errno_addr_intlibspace.o(.text)
    .text                                    0x00000f44   Section      138  lludiv10.o(.text)
    .text                                    0x00000fd0   Section        0  _printf_char_common.o(.text)
    _printf_input_char                       0x00000fd1   Thumb Code    10  _printf_char_common.o(.text)
    .text                                    0x00001000   Section        0  _printf_fp_infnan.o(.text)
    .text                                    0x00001080   Section        0  scanf_char.o(.text)
    _scanf_char_input                        0x00001081   Thumb Code    12  scanf_char.o(.text)
    .text                                    0x000010ac   Section        0  bigflt0.o(.text)
    .text                                    0x00001190   Section        0  backspace.o(.text)
    .text                                    0x000011d8   Section        0  ferror.o(.text)
    .text                                    0x000011e0   Section        8  libspace.o(.text)
    .text                                    0x000011e8   Section       74  sys_stackheap_outer.o(.text)
    .text                                    0x00001232   Section        0  _rserrno.o(.text)
    .text                                    0x00001248   Section        0  isspace.o(.text)
    .text                                    0x0000125c   Section        0  _scanf.o(.text)
    .text                                    0x000015d0   Section        0  scanf_hexfp.o(.text)
    .text                                    0x000018f0   Section        0  scanf_infnan.o(.text)
    .text                                    0x00001a24   Section        0  ungetc.o(.text)
    .text                                    0x00001a6c   Section        0  exit.o(.text)
    .text                                    0x00001a80   Section      128  strcmpv7m.o(.text)
    .text                                    0x00001b00   Section       16  rt_ctype_table.o(.text)
    .text                                    0x00001b10   Section       38  llshl.o(.text)
    .text                                    0x00001b38   Section        0  sys_exit.o(.text)
    .text                                    0x00001b44   Section        2  use_no_semi.o(.text)
    .text                                    0x00001b46   Section        0  indicate_semi.o(.text)
    CL$$btod_d2e                             0x00001b46   Section       62  btod.o(CL$$btod_d2e)
    CL$$btod_d2e_denorm_low                  0x00001b84   Section       70  btod.o(CL$$btod_d2e_denorm_low)
    CL$$btod_d2e_norm_op1                    0x00001bca   Section       96  btod.o(CL$$btod_d2e_norm_op1)
    CL$$btod_div_common                      0x00001c2a   Section      824  btod.o(CL$$btod_div_common)
    CL$$btod_e2d                             0x00001f64   Section      132  btod.o(CL$$btod_e2d)
    CL$$btod_e2e                             0x00001fe8   Section      220  btod.o(CL$$btod_e2e)
    CL$$btod_ediv                            0x000020c4   Section       42  btod.o(CL$$btod_ediv)
    CL$$btod_edivd                           0x000020ee   Section       42  btod.o(CL$$btod_edivd)
    CL$$btod_emul                            0x00002118   Section       42  btod.o(CL$$btod_emul)
    CL$$btod_emuld                           0x00002142   Section       42  btod.o(CL$$btod_emuld)
    CL$$btod_mult_common                     0x0000216c   Section      580  btod.o(CL$$btod_mult_common)
    i.Deposit                                0x000023b0   Section        0  main.o(i.Deposit)
    i.OutputInit                             0x00002470   Section        0  redirectprintf.o(i.OutputInit)
    i.ReadInput                              0x000024b8   Section        0  redirectprintf.o(i.ReadInput)
    i.SendOutput                             0x000024d4   Section        0  redirectprintf.o(i.SendOutput)
    i.SystemInit                             0x000024ec   Section        0  system_msp432p401r.o(i.SystemInit)
    i.Withdraw                               0x00002558   Section        0  main.o(i.Withdraw)
    i.__ARM_fpclassify                       0x00002610   Section        0  fpclassify.o(i.__ARM_fpclassify)
    i.__hardfp___mathlib_tofloat             0x00002640   Section        0  narrow.o(i.__hardfp___mathlib_tofloat)
    i.__hardfp_ldexp                         0x00002738   Section        0  ldexp.o(i.__hardfp_ldexp)
    i.__mathlib_dbl_overflow                 0x00002808   Section        0  dunder.o(i.__mathlib_dbl_overflow)
    i.__mathlib_dbl_underflow                0x00002828   Section        0  dunder.o(i.__mathlib_dbl_underflow)
    i.__mathlib_narrow                       0x00002848   Section        0  narrow.o(i.__mathlib_narrow)
    i.__support_ldexp                        0x0000285a   Section        0  ldexp.o(i.__support_ldexp)
    i._is_digit                              0x0000286e   Section        0  __printf_wp.o(i._is_digit)
    i.fgetc                                  0x0000287c   Section        0  redirectprintf.o(i.fgetc)
    i.fputc                                  0x0000289c   Section        0  redirectprintf.o(i.fputc)
    i.frexp                                  0x000028b0   Section        0  frexp.o(i.frexp)
    i.main                                   0x0000293c   Section        0  main.o(i.main)
    i.printMenu                              0x00002a80   Section        0  main.o(i.printMenu)
    locale$$code                             0x00002ac0   Section       44  lc_numeric_c.o(locale$$code)
    locale$$code                             0x00002aec   Section       44  lc_ctype_c.o(locale$$code)
    x$fpl$d2f                                0x00002b18   Section       98  d2f.o(x$fpl$d2f)
    $v0                                      0x00002b18   Number         0  d2f.o(x$fpl$d2f)
    x$fpl$dcheck1                            0x00002b7c   Section       16  dcheck1.o(x$fpl$dcheck1)
    $v0                                      0x00002b7c   Number         0  dcheck1.o(x$fpl$dcheck1)
    x$fpl$dcmpinf                            0x00002b8c   Section       24  dcmpi.o(x$fpl$dcmpinf)
    $v0                                      0x00002b8c   Number         0  dcmpi.o(x$fpl$dcmpinf)
    x$fpl$deqf                               0x00002ba4   Section      120  deqf.o(x$fpl$deqf)
    $v0                                      0x00002ba4   Number         0  deqf.o(x$fpl$deqf)
    x$fpl$dleqf                              0x00002c1c   Section      120  dleqf.o(x$fpl$dleqf)
    $v0                                      0x00002c1c   Number         0  dleqf.o(x$fpl$dleqf)
    x$fpl$dmul                               0x00002c94   Section      340  dmul.o(x$fpl$dmul)
    $v0                                      0x00002c94   Number         0  dmul.o(x$fpl$dmul)
    x$fpl$dnaninf                            0x00002de8   Section      156  dnaninf.o(x$fpl$dnaninf)
    $v0                                      0x00002de8   Number         0  dnaninf.o(x$fpl$dnaninf)
    x$fpl$dretinf                            0x00002e84   Section       12  dretinf.o(x$fpl$dretinf)
    $v0                                      0x00002e84   Number         0  dretinf.o(x$fpl$dretinf)
    x$fpl$drleqf                             0x00002e90   Section      108  drleqf.o(x$fpl$drleqf)
    $v0                                      0x00002e90   Number         0  drleqf.o(x$fpl$drleqf)
    x$fpl$f2d                                0x00002efc   Section       86  f2d.o(x$fpl$f2d)
    $v0                                      0x00002efc   Number         0  f2d.o(x$fpl$f2d)
    x$fpl$fnaninf                            0x00002f52   Section      140  fnaninf.o(x$fpl$fnaninf)
    $v0                                      0x00002f52   Number         0  fnaninf.o(x$fpl$fnaninf)
    x$fpl$fpinit                             0x00002fde   Section       10  fpinit.o(x$fpl$fpinit)
    $v0                                      0x00002fde   Number         0  fpinit.o(x$fpl$fpinit)
    x$fpl$fretinf                            0x00002fe8   Section       10  fretinf.o(x$fpl$fretinf)
    $v0                                      0x00002fe8   Number         0  fretinf.o(x$fpl$fretinf)
    x$fpl$ieeestatus                         0x00002ff2   Section        6  istatus.o(x$fpl$ieeestatus)
    $v0                                      0x00002ff2   Number         0  istatus.o(x$fpl$ieeestatus)
    x$fpl$printf1                            0x00002ff8   Section        4  printf1.o(x$fpl$printf1)
    $v0                                      0x00002ff8   Number         0  printf1.o(x$fpl$printf1)
    x$fpl$retnan                             0x00002ffc   Section      100  retnan.o(x$fpl$retnan)
    $v0                                      0x00002ffc   Number         0  retnan.o(x$fpl$retnan)
    x$fpl$scalbn                             0x00003060   Section       92  scalbn.o(x$fpl$scalbn)
    $v0                                      0x00003060   Number         0  scalbn.o(x$fpl$scalbn)
    x$fpl$scanf1                             0x000030bc   Section        4  scanf1.o(x$fpl$scanf1)
    $v0                                      0x000030bc   Number         0  scanf1.o(x$fpl$scanf1)
    x$fpl$scanf2                             0x000030c0   Section        8  scanf2.o(x$fpl$scanf2)
    $v0                                      0x000030c0   Number         0  scanf2.o(x$fpl$scanf2)
    x$fpl$trapveneer                         0x000030c8   Section       48  trapv.o(x$fpl$trapveneer)
    $v0                                      0x000030c8   Number         0  trapv.o(x$fpl$trapveneer)
    .constdata                               0x000030f8   Section      148  bigflt0.o(.constdata)
    x$fpl$usenofp                            0x000030f8   Section        0  usenofp.o(x$fpl$usenofp)
    tenpwrs_x                                0x000030f8   Data          60  bigflt0.o(.constdata)
    tenpwrs_i                                0x00003134   Data          64  bigflt0.o(.constdata)
    c$$dinf                                  0x000031ac   Section        8  fpconst.o(c$$dinf)
    c$$dmax                                  0x000031b4   Section        8  fpconst.o(c$$dmax)
    locale$$data                             0x000031bc   Section       28  lc_numeric_c.o(locale$$data)
    __lcnum_c_name                           0x000031c0   Data           2  lc_numeric_c.o(locale$$data)
    __lcnum_c_start                          0x000031c8   Data           0  lc_numeric_c.o(locale$$data)
    __lcnum_c_point                          0x000031d4   Data           0  lc_numeric_c.o(locale$$data)
    __lcnum_c_thousands                      0x000031d6   Data           0  lc_numeric_c.o(locale$$data)
    __lcnum_c_grouping                       0x000031d7   Data           0  lc_numeric_c.o(locale$$data)
    locale$$data                             0x000031d8   Section      272  lc_ctype_c.o(locale$$data)
    __lcnum_c_end                            0x000031d8   Data           0  lc_numeric_c.o(locale$$data)
    __lcctype_c_name                         0x000031dc   Data           2  lc_ctype_c.o(locale$$data)
    __lcctype_c_start                        0x000031e4   Data           0  lc_ctype_c.o(locale$$data)
    __lcctype_c_end                          0x000032e8   Data           0  lc_ctype_c.o(locale$$data)
    .data                                    0x20000000   Section       12  redirectprintf.o(.data)
    .bss                                     0x2000000c   Section       96  libspace.o(.bss)
    HEAP                                     0x20000070   Section        0  startup_msp432p401r_uvision.o(HEAP)
    STACK                                    0x20000070   Section      512  startup_msp432p401r_uvision.o(STACK)
    Heap_Mem                                 0x20000070   Data           0  startup_msp432p401r_uvision.o(HEAP)
    Stack_Mem                                0x20000070   Data         512  startup_msp432p401r_uvision.o(STACK)
    __initial_sp                             0x20000270   Data           0  startup_msp432p401r_uvision.o(STACK)

    Global Symbols

    Symbol Name                              Value     Ov Type        Size  Object(Section)

    BuildAttributes$$THM_ISAv4$E$P$D$K$B$S$7EM$VFPi3$EXTD16$VFPS$VFMA$PE$A:L22UL41UL21$X:L11$S22US41US21$IEEE1$IW$USESV6$~STKCKD$USESV7$~SHL$OTIME$ROPI$IEEEX$EBA8$UX$STANDARDLIB$REQ8$PRES8$EABIv2 0x00000000   Number         0  anon$$obj.o ABSOLUTE
    __ARM_use_no_argv                        0x00000000   Number         0  main.o ABSOLUTE
    __Vectors                                0x00000000   Data           4  startup_msp432p401r_uvision.o(RESET)
    _printf_flags                            0x00000000   Number         0  printf_stubs.o ABSOLUTE
    _printf_return_value                     0x00000000   Number         0  printf_stubs.o ABSOLUTE
    _printf_sizespec                         0x00000000   Number         0  printf_stubs.o ABSOLUTE
    _printf_widthprec                        0x00000000   Number         0  printf_stubs.o ABSOLUTE
    __ARM_exceptions_init                     - Undefined Weak Reference
    __alloca_initialize                       - Undefined Weak Reference
    __arm_preinit_                            - Undefined Weak Reference
    __cpp_initialize__aeabi_                  - Undefined Weak Reference
    __cxa_finalize                            - Undefined Weak Reference
    __sigvec_lookup                           - Undefined Weak Reference
    _atexit_init                              - Undefined Weak Reference
    _call_atexit_fns                          - Undefined Weak Reference
    _clock_init                               - Undefined Weak Reference
    _fp_trap_init                             - Undefined Weak Reference
    _fp_trap_shutdown                         - Undefined Weak Reference
    _get_lc_collate                           - Undefined Weak Reference
    _get_lc_monetary                          - Undefined Weak Reference
    _get_lc_time                              - Undefined Weak Reference
    _getenv_init                              - Undefined Weak Reference
    _handle_redirection                       - Undefined Weak Reference
    _init_alloc                               - Undefined Weak Reference
    _init_user_alloc                          - Undefined Weak Reference
    _initio                                   - Undefined Weak Reference
    _mutex_acquire                            - Undefined Weak Reference
    _mutex_release                            - Undefined Weak Reference
    _printf_mbtowc                            - Undefined Weak Reference
    _printf_post_padding                      - Undefined Weak Reference
    _printf_pre_padding                       - Undefined Weak Reference
    _rand_init                                - Undefined Weak Reference
    _scanf_longlong                           - Undefined Weak Reference
    _scanf_mbtowc                             - Undefined Weak Reference
    _scanf_string                             - Undefined Weak Reference
    _scanf_wctomb                             - Undefined Weak Reference
    _scanf_wstring                            - Undefined Weak Reference
    _signal_finish                            - Undefined Weak Reference
    _signal_init                              - Undefined Weak Reference
    _terminate_alloc                          - Undefined Weak Reference
    _terminate_user_alloc                     - Undefined Weak Reference
    _terminateio                              - Undefined Weak Reference
    __Vectors_End                            0x00000144   Data           0  startup_msp432p401r_uvision.o(RESET)
    __Vectors_Size                           0x00000144   Number         0  startup_msp432p401r_uvision.o ABSOLUTE
    __main                                   0x00000145   Thumb Code     8  __main.o(!!!main)
    __scatterload                            0x0000014d   Thumb Code     0  __scatter.o(!!!scatter)
    __scatterload_rt2                        0x0000014d   Thumb Code    44  __scatter.o(!!!scatter)
    __scatterload_rt2_thumb_only             0x0000014d   Thumb Code     0  __scatter.o(!!!scatter)
    __scatterload_null                       0x0000015b   Thumb Code     0  __scatter.o(!!!scatter)
    __scatterload_copy                       0x00000181   Thumb Code    26  __scatter_copy.o(!!handler_copy)
    __scatterload_zeroinit                   0x0000019d   Thumb Code    28  __scatter_zi.o(!!handler_zi)
    _printf_f                                0x000001b9   Thumb Code     0  _printf_f.o(.ARM.Collect$$_printf_percent$$00000003)
    _printf_percent                          0x000001b9   Thumb Code     0  _printf_percent.o(.ARM.Collect$$_printf_percent$$00000000)
    _printf_s                                0x000001bf   Thumb Code     0  _printf_s.o(.ARM.Collect$$_printf_percent$$00000014)
    _printf_percent_end                      0x000001c5   Thumb Code     0  _printf_percent_end.o(.ARM.Collect$$_printf_percent$$00000017)
    __rt_lib_init                            0x000001c9   Thumb Code     0  libinit.o(.ARM.Collect$$libinit$$00000000)
    __rt_lib_init_fp_1                       0x000001cb   Thumb Code     0  libinit2.o(.ARM.Collect$$libinit$$00000001)
    __rt_lib_init_heap_1                     0x000001cf   Thumb Code     0  libinit2.o(.ARM.Collect$$libinit$$0000000A)
    __rt_lib_init_lc_common                  0x000001cf   Thumb Code     0  libinit2.o(.ARM.Collect$$libinit$$0000000F)
    __rt_lib_init_preinit_1                  0x000001cf   Thumb Code     0  libinit2.o(.ARM.Collect$$libinit$$00000004)
    __rt_lib_init_rand_1                     0x000001cf   Thumb Code     0  libinit2.o(.ARM.Collect$$libinit$$0000000E)
    __rt_lib_init_user_alloc_1               0x000001cf   Thumb Code     0  libinit2.o(.ARM.Collect$$libinit$$0000000C)
    __rt_lib_init_lc_collate_1               0x000001d5   Thumb Code     0  libinit2.o(.ARM.Collect$$libinit$$00000011)
    __rt_lib_init_lc_ctype_2                 0x000001d5   Thumb Code     0  libinit2.o(.ARM.Collect$$libinit$$00000012)
    __rt_lib_init_lc_ctype_1                 0x000001e1   Thumb Code     0  libinit2.o(.ARM.Collect$$libinit$$00000013)
    __rt_lib_init_lc_monetary_1              0x000001e1   Thumb Code     0  libinit2.o(.ARM.Collect$$libinit$$00000015)
    __rt_lib_init_lc_numeric_2               0x000001e1   Thumb Code     0  libinit2.o(.ARM.Collect$$libinit$$00000016)
    __rt_lib_init_alloca_1                   0x000001eb   Thumb Code     0  libinit2.o(.ARM.Collect$$libinit$$0000002E)
    __rt_lib_init_argv_1                     0x000001eb   Thumb Code     0  libinit2.o(.ARM.Collect$$libinit$$0000002C)
    __rt_lib_init_atexit_1                   0x000001eb   Thumb Code     0  libinit2.o(.ARM.Collect$$libinit$$0000001B)
    __rt_lib_init_clock_1                    0x000001eb   Thumb Code     0  libinit2.o(.ARM.Collect$$libinit$$00000021)
    __rt_lib_init_cpp_1                      0x000001eb   Thumb Code     0  libinit2.o(.ARM.Collect$$libinit$$00000032)
    __rt_lib_init_exceptions_1               0x000001eb   Thumb Code     0  libinit2.o(.ARM.Collect$$libinit$$00000030)
    __rt_lib_init_fp_trap_1                  0x000001eb   Thumb Code     0  libinit2.o(.ARM.Collect$$libinit$$0000001F)
    __rt_lib_init_getenv_1                   0x000001eb   Thumb Code     0  libinit2.o(.ARM.Collect$$libinit$$00000023)
    __rt_lib_init_lc_numeric_1               0x000001eb   Thumb Code     0  libinit2.o(.ARM.Collect$$libinit$$00000017)
    __rt_lib_init_lc_time_1                  0x000001eb   Thumb Code     0  libinit2.o(.ARM.Collect$$libinit$$00000019)
    __rt_lib_init_return                     0x000001eb   Thumb Code     0  libinit2.o(.ARM.Collect$$libinit$$00000033)
    __rt_lib_init_signal_1                   0x000001eb   Thumb Code     0  libinit2.o(.ARM.Collect$$libinit$$0000001D)
    __rt_lib_init_stdio_1                    0x000001eb   Thumb Code     0  libinit2.o(.ARM.Collect$$libinit$$00000025)
    __rt_lib_shutdown                        0x000001ed   Thumb Code     0  libshutdown.o(.ARM.Collect$$libshutdown$$00000000)
    __rt_lib_shutdown_cpp_1                  0x000001ef   Thumb Code     0  libshutdown2.o(.ARM.Collect$$libshutdown$$00000002)
    __rt_lib_shutdown_fp_trap_1              0x000001ef   Thumb Code     0  libshutdown2.o(.ARM.Collect$$libshutdown$$00000007)
    __rt_lib_shutdown_heap_1                 0x000001ef   Thumb Code     0  libshutdown2.o(.ARM.Collect$$libshutdown$$0000000F)
    __rt_lib_shutdown_return                 0x000001ef   Thumb Code     0  libshutdown2.o(.ARM.Collect$$libshutdown$$00000010)
    __rt_lib_shutdown_signal_1               0x000001ef   Thumb Code     0  libshutdown2.o(.ARM.Collect$$libshutdown$$0000000A)
    __rt_lib_shutdown_stdio_1                0x000001ef   Thumb Code     0  libshutdown2.o(.ARM.Collect$$libshutdown$$00000004)
    __rt_lib_shutdown_user_alloc_1           0x000001ef   Thumb Code     0  libshutdown2.o(.ARM.Collect$$libshutdown$$0000000C)
    __rt_entry                               0x000001f1   Thumb Code     0  __rtentry.o(.ARM.Collect$$rtentry$$00000000)
    __rt_entry_presh_1                       0x000001f1   Thumb Code     0  __rtentry2.o(.ARM.Collect$$rtentry$$00000002)
    __rt_entry_sh                            0x000001f1   Thumb Code     0  __rtentry4.o(.ARM.Collect$$rtentry$$00000004)
    __rt_entry_li                            0x000001f7   Thumb Code     0  __rtentry2.o(.ARM.Collect$$rtentry$$0000000A)
    __rt_entry_postsh_1                      0x000001f7   Thumb Code     0  __rtentry2.o(.ARM.Collect$$rtentry$$00000009)
    __rt_entry_main                          0x000001fb   Thumb Code     0  __rtentry2.o(.ARM.Collect$$rtentry$$0000000D)
    __rt_entry_postli_1                      0x000001fb   Thumb Code     0  __rtentry2.o(.ARM.Collect$$rtentry$$0000000C)
    __rt_exit                                0x00000203   Thumb Code     0  rtexit.o(.ARM.Collect$$rtexit$$00000000)
    __rt_exit_ls                             0x00000205   Thumb Code     0  rtexit2.o(.ARM.Collect$$rtexit$$00000003)
    __rt_exit_prels_1                        0x00000205   Thumb Code     0  rtexit2.o(.ARM.Collect$$rtexit$$00000002)
    __rt_exit_exit                           0x00000209   Thumb Code     0  rtexit2.o(.ARM.Collect$$rtexit$$00000004)
    Reset_Handler                            0x00000211   Thumb Code     8  startup_msp432p401r_uvision.o(.text)
    NMI_Handler                              0x00000219   Thumb Code     2  startup_msp432p401r_uvision.o(.text)
    HardFault_Handler                        0x0000021b   Thumb Code     2  startup_msp432p401r_uvision.o(.text)
    MemManage_Handler                        0x0000021d   Thumb Code     2  startup_msp432p401r_uvision.o(.text)
    BusFault_Handler                         0x0000021f   Thumb Code     2  startup_msp432p401r_uvision.o(.text)
    UsageFault_Handler                       0x00000221   Thumb Code     2  startup_msp432p401r_uvision.o(.text)
    SVC_Handler                              0x00000223   Thumb Code     2  startup_msp432p401r_uvision.o(.text)
    DebugMon_Handler                         0x00000225   Thumb Code     2  startup_msp432p401r_uvision.o(.text)
    PendSV_Handler                           0x00000227   Thumb Code     2  startup_msp432p401r_uvision.o(.text)
    SysTick_Handler                          0x00000229   Thumb Code     2  startup_msp432p401r_uvision.o(.text)
    ADC14_IRQHandler                         0x0000022b   Thumb Code     0  startup_msp432p401r_uvision.o(.text)
    AES256_IRQHandler                        0x0000022b   Thumb Code     0  startup_msp432p401r_uvision.o(.text)
    COMP_E0_IRQHandler                       0x0000022b   Thumb Code     0  startup_msp432p401r_uvision.o(.text)
    COMP_E1_IRQHandler                       0x0000022b   Thumb Code     0  startup_msp432p401r_uvision.o(.text)
    CS_IRQHandler                            0x0000022b   Thumb Code     0  startup_msp432p401r_uvision.o(.text)
    DMA_ERR_IRQHandler                       0x0000022b   Thumb Code     0  startup_msp432p401r_uvision.o(.text)
    DMA_INT0_IRQHandler                      0x0000022b   Thumb Code     0  startup_msp432p401r_uvision.o(.text)
    DMA_INT1_IRQHandler                      0x0000022b   Thumb Code     0  startup_msp432p401r_uvision.o(.text)
    DMA_INT2_IRQHandler                      0x0000022b   Thumb Code     0  startup_msp432p401r_uvision.o(.text)
    DMA_INT3_IRQHandler                      0x0000022b   Thumb Code     0  startup_msp432p401r_uvision.o(.text)
    EUSCIA0_IRQHandler                       0x0000022b   Thumb Code     0  startup_msp432p401r_uvision.o(.text)
    EUSCIA1_IRQHandler                       0x0000022b   Thumb Code     0  startup_msp432p401r_uvision.o(.text)
    EUSCIA2_IRQHandler                       0x0000022b   Thumb Code     0  startup_msp432p401r_uvision.o(.text)
    EUSCIA3_IRQHandler                       0x0000022b   Thumb Code     0  startup_msp432p401r_uvision.o(.text)
    EUSCIB0_IRQHandler                       0x0000022b   Thumb Code     0  startup_msp432p401r_uvision.o(.text)
    EUSCIB1_IRQHandler                       0x0000022b   Thumb Code     0  startup_msp432p401r_uvision.o(.text)
    EUSCIB2_IRQHandler                       0x0000022b   Thumb Code     0  startup_msp432p401r_uvision.o(.text)
    EUSCIB3_IRQHandler                       0x0000022b   Thumb Code     0  startup_msp432p401r_uvision.o(.text)
    FLCTL_IRQHandler                         0x0000022b   Thumb Code     0  startup_msp432p401r_uvision.o(.text)
    FPU_IRQHandler                           0x0000022b   Thumb Code     0  startup_msp432p401r_uvision.o(.text)
    PCM_IRQHandler                           0x0000022b   Thumb Code     0  startup_msp432p401r_uvision.o(.text)
    PORT1_IRQHandler                         0x0000022b   Thumb Code     0  startup_msp432p401r_uvision.o(.text)
    PORT2_IRQHandler                         0x0000022b   Thumb Code     0  startup_msp432p401r_uvision.o(.text)
    PORT3_IRQHandler                         0x0000022b   Thumb Code     0  startup_msp432p401r_uvision.o(.text)
    PORT4_IRQHandler                         0x0000022b   Thumb Code     0  startup_msp432p401r_uvision.o(.text)
    PORT5_IRQHandler                         0x0000022b   Thumb Code     0  startup_msp432p401r_uvision.o(.text)
    PORT6_IRQHandler                         0x0000022b   Thumb Code     0  startup_msp432p401r_uvision.o(.text)
    PSS_IRQHandler                           0x0000022b   Thumb Code     0  startup_msp432p401r_uvision.o(.text)
    RTC_C_IRQHandler                         0x0000022b   Thumb Code     0  startup_msp432p401r_uvision.o(.text)
    T32_INT1_IRQHandler                      0x0000022b   Thumb Code     0  startup_msp432p401r_uvision.o(.text)
    T32_INT2_IRQHandler                      0x0000022b   Thumb Code     0  startup_msp432p401r_uvision.o(.text)
    T32_INTC_IRQHandler                      0x0000022b   Thumb Code     0  startup_msp432p401r_uvision.o(.text)
    TA0_0_IRQHandler                         0x0000022b   Thumb Code     0  startup_msp432p401r_uvision.o(.text)
    TA0_N_IRQHandler                         0x0000022b   Thumb Code     0  startup_msp432p401r_uvision.o(.text)
    TA1_0_IRQHandler                         0x0000022b   Thumb Code     0  startup_msp432p401r_uvision.o(.text)
    TA1_N_IRQHandler                         0x0000022b   Thumb Code     0  startup_msp432p401r_uvision.o(.text)
    TA2_0_IRQHandler                         0x0000022b   Thumb Code     0  startup_msp432p401r_uvision.o(.text)
    TA2_N_IRQHandler                         0x0000022b   Thumb Code     0  startup_msp432p401r_uvision.o(.text)
    TA3_0_IRQHandler                         0x0000022b   Thumb Code     0  startup_msp432p401r_uvision.o(.text)
    TA3_N_IRQHandler                         0x0000022b   Thumb Code     0  startup_msp432p401r_uvision.o(.text)
    WDT_A_IRQHandler                         0x0000022b   Thumb Code     0  startup_msp432p401r_uvision.o(.text)
    __user_initial_stackheap                 0x0000022d   Thumb Code    10  startup_msp432p401r_uvision.o(.text)
    __2printf                                0x0000024d   Thumb Code    20  noretval__2printf.o(.text)
    _printf_str                              0x00000265   Thumb Code    82  _printf_str.o(.text)
    __printf                                 0x000002b7   Thumb Code   270  __printf_wp.o(.text)
    __0scanf                                 0x000003c5   Thumb Code    26  __0scanf.o(.text)
    _scanf_int                               0x000003e5   Thumb Code   332  _scanf_int.o(.text)
    __aeabi_memcpy4                          0x00000531   Thumb Code     0  rt_memcpy_w.o(.text)
    __aeabi_memcpy8                          0x00000531   Thumb Code     0  rt_memcpy_w.o(.text)
    __rt_memcpy_w                            0x00000531   Thumb Code   100  rt_memcpy_w.o(.text)
    _memcpy_lastbytes_aligned                0x00000579   Thumb Code     0  rt_memcpy_w.o(.text)
    __use_two_region_memory                  0x00000595   Thumb Code     2  heapauxi.o(.text)
    __rt_heap_escrow$2region                 0x00000597   Thumb Code     2  heapauxi.o(.text)
    __rt_heap_expand$2region                 0x00000599   Thumb Code     2  heapauxi.o(.text)
    __lib_sel_fp_printf                      0x0000059b   Thumb Code     2  _printf_fp_dec.o(.text)
    _printf_fp_dec_real                      0x0000074d   Thumb Code   620  _printf_fp_dec.o(.text)
    _printf_cs_common                        0x000009b9   Thumb Code    20  _printf_char.o(.text)
    _printf_char                             0x000009cd   Thumb Code    16  _printf_char.o(.text)
    _printf_string                           0x000009dd   Thumb Code     8  _printf_char.o(.text)
    _printf_char_file                        0x000009e5   Thumb Code    32  _printf_char_file.o(.text)
    _chval                                   0x00000a09   Thumb Code    28  _chval.o(.text)
    _scanf_really_real                       0x00000c71   Thumb Code   684  scanf_fp.o(.text)
    __vfscanf_char_file                      0x00000f1d   Thumb Code    16  scanf_char_file.o(.text)
    __rt_locale                              0x00000f35   Thumb Code     8  rt_locale_intlibspace.o(.text)
    __aeabi_errno_addr                       0x00000f3d   Thumb Code     8  rt_errno_addr_intlibspace.o(.text)
    __errno$intlibspace                      0x00000f3d   Thumb Code     0  rt_errno_addr_intlibspace.o(.text)
    __rt_errno_addr$intlibspace              0x00000f3d   Thumb Code     0  rt_errno_addr_intlibspace.o(.text)
    _ll_udiv10                               0x00000f45   Thumb Code   138  lludiv10.o(.text)
    _printf_char_common                      0x00000fdb   Thumb Code    32  _printf_char_common.o(.text)
    _printf_fp_infnan                        0x00001001   Thumb Code   112  _printf_fp_infnan.o(.text)
    __vfscanf_char                           0x0000108d   Thumb Code    24  scanf_char.o(.text)
    _btod_etento                             0x000010ad   Thumb Code   224  bigflt0.o(.text)
    ___backspace$unlocked                    0x00001191   Thumb Code     2  backspace.o(.text)
    __backspace                              0x00001193   Thumb Code    70  backspace.o(.text)
    ferror                                   0x000011d9   Thumb Code     8  ferror.o(.text)
    __user_libspace                          0x000011e1   Thumb Code     8  libspace.o(.text)
    __user_perproc_libspace                  0x000011e1   Thumb Code     0  libspace.o(.text)
    __user_perthread_libspace                0x000011e1   Thumb Code     0  libspace.o(.text)
    __user_setup_stackheap                   0x000011e9   Thumb Code    74  sys_stackheap_outer.o(.text)
    __read_errno                             0x00001233   Thumb Code    10  _rserrno.o(.text)
    __set_errno                              0x0000123d   Thumb Code    12  _rserrno.o(.text)
    isspace                                  0x00001249   Thumb Code    18  isspace.o(.text)
    __vfscanf                                0x0000125d   Thumb Code   878  _scanf.o(.text)
    _scanf_really_hex_real                   0x000015d1   Thumb Code   786  scanf_hexfp.o(.text)
    _scanf_really_infnan                     0x000018f1   Thumb Code   292  scanf_infnan.o(.text)
    _ungetc_internal                         0x00001a25   Thumb Code    60  ungetc.o(.text)
    ungetc                                   0x00001a25   Thumb Code     0  ungetc.o(.text)
    exit                                     0x00001a6d   Thumb Code    18  exit.o(.text)
    strcmp                                   0x00001a81   Thumb Code   128  strcmpv7m.o(.text)
    __rt_ctype_table                         0x00001b01   Thumb Code    16  rt_ctype_table.o(.text)
    __aeabi_llsl                             0x00001b11   Thumb Code     0  llshl.o(.text)
    _ll_shift_l                              0x00001b11   Thumb Code    38  llshl.o(.text)
    _sys_exit                                0x00001b39   Thumb Code     8  sys_exit.o(.text)
    __I$use$semihosting                      0x00001b45   Thumb Code     0  use_no_semi.o(.text)
    __use_no_semihosting_swi                 0x00001b45   Thumb Code     2  use_no_semi.o(.text)
    __semihosting_library_function           0x00001b47   Thumb Code     0  indicate_semi.o(.text)
    _btod_d2e                                0x00001b47   Thumb Code    62  btod.o(CL$$btod_d2e)
    _d2e_denorm_low                          0x00001b85   Thumb Code    70  btod.o(CL$$btod_d2e_denorm_low)
    _d2e_norm_op1                            0x00001bcb   Thumb Code    96  btod.o(CL$$btod_d2e_norm_op1)
    __btod_div_common                        0x00001c2b   Thumb Code   696  btod.o(CL$$btod_div_common)
    _e2d                                     0x00001f65   Thumb Code   122  btod.o(CL$$btod_e2d)
    _e2e                                     0x00001fe9   Thumb Code   220  btod.o(CL$$btod_e2e)
    _btod_ediv                               0x000020c5   Thumb Code    42  btod.o(CL$$btod_ediv)
    _btod_edivd                              0x000020ef   Thumb Code    42  btod.o(CL$$btod_edivd)
    _btod_emul                               0x00002119   Thumb Code    42  btod.o(CL$$btod_emul)
    _btod_emuld                              0x00002143   Thumb Code    42  btod.o(CL$$btod_emuld)
    __btod_mult_common                       0x0000216d   Thumb Code   580  btod.o(CL$$btod_mult_common)
    Deposit                                  0x000023b1   Thumb Code   120  main.o(i.Deposit)
    OutputInit                               0x00002471   Thumb Code    62  redirectprintf.o(i.OutputInit)
    ReadInput                                0x000024b9   Thumb Code    22  redirectprintf.o(i.ReadInput)
    SendOutput                               0x000024d5   Thumb Code    20  redirectprintf.o(i.SendOutput)
    SystemInit                               0x000024ed   Thumb Code    86  system_msp432p401r.o(i.SystemInit)
    Withdraw                                 0x00002559   Thumb Code   106  main.o(i.Withdraw)
    __ARM_fpclassify                         0x00002611   Thumb Code    48  fpclassify.o(i.__ARM_fpclassify)
    __hardfp___mathlib_tofloat               0x00002641   Thumb Code   232  narrow.o(i.__hardfp___mathlib_tofloat)
    __hardfp_ldexp                           0x00002739   Thumb Code   200  ldexp.o(i.__hardfp_ldexp)
    __mathlib_dbl_overflow                   0x00002809   Thumb Code    24  dunder.o(i.__mathlib_dbl_overflow)
    __mathlib_dbl_underflow                  0x00002829   Thumb Code    24  dunder.o(i.__mathlib_dbl_underflow)
    __mathlib_narrow                         0x00002849   Thumb Code    18  narrow.o(i.__mathlib_narrow)
    __support_ldexp                          0x0000285b   Thumb Code    20  ldexp.o(i.__support_ldexp)
    _is_digit                                0x0000286f   Thumb Code    14  __printf_wp.o(i._is_digit)
    fgetc                                    0x0000287d   Thumb Code    32  redirectprintf.o(i.fgetc)
    fputc                                    0x0000289d   Thumb Code    14  redirectprintf.o(i.fputc)
    frexp                                    0x000028b1   Thumb Code   118  frexp.o(i.frexp)
    main                                     0x0000293d   Thumb Code   184  main.o(i.main)
    printMenu                                0x00002a81   Thumb Code    10  main.o(i.printMenu)
    _get_lc_numeric                          0x00002ac1   Thumb Code    44  lc_numeric_c.o(locale$$code)
    _get_lc_ctype                            0x00002aed   Thumb Code    44  lc_ctype_c.o(locale$$code)
    __aeabi_d2f                              0x00002b19   Thumb Code     0  d2f.o(x$fpl$d2f)
    _d2f                                     0x00002b19   Thumb Code    98  d2f.o(x$fpl$d2f)
    __fpl_dcheck_NaN1                        0x00002b7d   Thumb Code    10  dcheck1.o(x$fpl$dcheck1)
    __fpl_dcmp_Inf                           0x00002b8d   Thumb Code    24  dcmpi.o(x$fpl$dcmpinf)
    __aeabi_cdcmpeq                          0x00002ba5   Thumb Code     0  deqf.o(x$fpl$deqf)
    _dcmpeq                                  0x00002ba5   Thumb Code   120  deqf.o(x$fpl$deqf)
    __aeabi_cdcmple                          0x00002c1d   Thumb Code     0  dleqf.o(x$fpl$dleqf)
    _dcmple                                  0x00002c1d   Thumb Code   120  dleqf.o(x$fpl$dleqf)
    __fpl_dcmple_InfNaN                      0x00002c7f   Thumb Code     0  dleqf.o(x$fpl$dleqf)
    __aeabi_dmul                             0x00002c95   Thumb Code     0  dmul.o(x$fpl$dmul)
    _dmul                                    0x00002c95   Thumb Code   332  dmul.o(x$fpl$dmul)
    __fpl_dnaninf                            0x00002de9   Thumb Code   156  dnaninf.o(x$fpl$dnaninf)
    __fpl_dretinf                            0x00002e85   Thumb Code    12  dretinf.o(x$fpl$dretinf)
    __aeabi_cdrcmple                         0x00002e91   Thumb Code     0  drleqf.o(x$fpl$drleqf)
    _drcmple                                 0x00002e91   Thumb Code   108  drleqf.o(x$fpl$drleqf)
    __aeabi_f2d                              0x00002efd   Thumb Code     0  f2d.o(x$fpl$f2d)
    _f2d                                     0x00002efd   Thumb Code    86  f2d.o(x$fpl$f2d)
    __fpl_fnaninf                            0x00002f53   Thumb Code   140  fnaninf.o(x$fpl$fnaninf)
    _fp_init                                 0x00002fdf   Thumb Code    10  fpinit.o(x$fpl$fpinit)
    __fplib_config_fpu_vfp                   0x00002fe7   Thumb Code     0  fpinit.o(x$fpl$fpinit)
    __fplib_config_pureend_doubles           0x00002fe7   Thumb Code     0  fpinit.o(x$fpl$fpinit)
    __fpl_fretinf                            0x00002fe9   Thumb Code    10  fretinf.o(x$fpl$fretinf)
    __ieee_status                            0x00002ff3   Thumb Code     6  istatus.o(x$fpl$ieeestatus)
    _printf_fp_dec                           0x00002ff9   Thumb Code     4  printf1.o(x$fpl$printf1)
    __fpl_return_NaN                         0x00002ffd   Thumb Code   100  retnan.o(x$fpl$retnan)
    __ARM_scalbn                             0x00003061   Thumb Code    92  scalbn.o(x$fpl$scalbn)
    _scanf_real                              0x000030bd   Thumb Code     4  scanf1.o(x$fpl$scanf1)
    _scanf_hex_real                          0x000030c1   Thumb Code     4  scanf2.o(x$fpl$scanf2)
    _scanf_infnan                            0x000030c5   Thumb Code     4  scanf2.o(x$fpl$scanf2)
    __fpl_cmpreturn                          0x000030c9   Thumb Code    48  trapv.o(x$fpl$trapveneer)
    __I$use$fp                               0x000030f8   Number         0  usenofp.o(x$fpl$usenofp)
    Region$$Table$$Base                      0x0000318c   Number         0  anon$$obj.o(Region$$Table)
    Region$$Table$$Limit                     0x000031ac   Number         0  anon$$obj.o(Region$$Table)
    __aeabi_HUGE_VAL                         0x000031ac   Data           0  fpconst.o(c$$dinf)
    __aeabi_HUGE_VALL                        0x000031ac   Data           0  fpconst.o(c$$dinf)
    __aeabi_INFINITY                         0x000031ac   Data           0  fpconst.o(c$$dinf)
    __dInf                                   0x000031ac   Data           0  fpconst.o(c$$dinf)
    __huge_val                               0x000031ac   Data           0  fpconst.o(c$$dinf)
    __dbl_max                                0x000031b4   Data           0  fpconst.o(c$$dmax)
    __ctype                                  0x000031e5   Data           0  lc_ctype_c.o(locale$$data)
    __stdin                                  0x20000000   Data           4  redirectprintf.o(.data)
    __stdout                                 0x20000004   Data           4  redirectprintf.o(.data)
    __stderr                                 0x20000008   Data           4  redirectprintf.o(.data)
    __libspace_start                         0x2000000c   Data          96  libspace.o(.bss)
    __temporary_stack_top$libspace           0x2000006c   Data           0  libspace.o(.bss)



==============================================================================

Memory Map of the image

  Image Entry point : 0x00000211

  Load Region LR_1 (Base: 0x00000000, Size: 0x000032f4, Max: 0xffffffff, ABSOLUTE)

    Execution Region ER_RO (Exec base: 0x00000000, Load base: 0x00000000, Size: 0x000032e8, Max: 0xffffffff, ABSOLUTE)

    Exec Addr    Load Addr    Size         Type   Attr      Idx    E Section Name        Object

    0x00000000   0x00000000   0x00000144   Data   RO          133    RESET               startup_msp432p401r_uvision.o
    0x00000144   0x00000144   0x00000008   Code   RO          215  * !!!main             c_w.l(__main.o)
    0x0000014c   0x0000014c   0x00000034   Code   RO          566    !!!scatter          c_w.l(__scatter.o)
    0x00000180   0x00000180   0x0000001a   Code   RO          568    !!handler_copy      c_w.l(__scatter_copy.o)
    0x0000019a   0x0000019a   0x00000002   PAD
    0x0000019c   0x0000019c   0x0000001c   Code   RO          570    !!handler_zi        c_w.l(__scatter_zi.o)
    0x000001b8   0x000001b8   0x00000000   Code   RO          206    .ARM.Collect$$_printf_percent$$00000000  c_w.l(_printf_percent.o)
    0x000001b8   0x000001b8   0x00000006   Code   RO          205    .ARM.Collect$$_printf_percent$$00000003  c_w.l(_printf_f.o)
    0x000001be   0x000001be   0x00000006   Code   RO          204    .ARM.Collect$$_printf_percent$$00000014  c_w.l(_printf_s.o)
    0x000001c4   0x000001c4   0x00000004   Code   RO          230    .ARM.Collect$$_printf_percent$$00000017  c_w.l(_printf_percent_end.o)
    0x000001c8   0x000001c8   0x00000002   Code   RO          361    .ARM.Collect$$libinit$$00000000  c_w.l(libinit.o)
    0x000001ca   0x000001ca   0x00000004   Code   RO          362    .ARM.Collect$$libinit$$00000001  c_w.l(libinit2.o)
    0x000001ce   0x000001ce   0x00000000   Code   RO          365    .ARM.Collect$$libinit$$00000004  c_w.l(libinit2.o)
    0x000001ce   0x000001ce   0x00000000   Code   RO          368    .ARM.Collect$$libinit$$0000000A  c_w.l(libinit2.o)
    0x000001ce   0x000001ce   0x00000000   Code   RO          370    .ARM.Collect$$libinit$$0000000C  c_w.l(libinit2.o)
    0x000001ce   0x000001ce   0x00000000   Code   RO          372    .ARM.Collect$$libinit$$0000000E  c_w.l(libinit2.o)
    0x000001ce   0x000001ce   0x00000006   Code   RO          373    .ARM.Collect$$libinit$$0000000F  c_w.l(libinit2.o)
    0x000001d4   0x000001d4   0x00000000   Code   RO          375    .ARM.Collect$$libinit$$00000011  c_w.l(libinit2.o)
    0x000001d4   0x000001d4   0x0000000c   Code   RO          376    .ARM.Collect$$libinit$$00000012  c_w.l(libinit2.o)
    0x000001e0   0x000001e0   0x00000000   Code   RO          377    .ARM.Collect$$libinit$$00000013  c_w.l(libinit2.o)
    0x000001e0   0x000001e0   0x00000000   Code   RO          379    .ARM.Collect$$libinit$$00000015  c_w.l(libinit2.o)
    0x000001e0   0x000001e0   0x0000000a   Code   RO          380    .ARM.Collect$$libinit$$00000016  c_w.l(libinit2.o)
    0x000001ea   0x000001ea   0x00000000   Code   RO          381    .ARM.Collect$$libinit$$00000017  c_w.l(libinit2.o)
    0x000001ea   0x000001ea   0x00000000   Code   RO          383    .ARM.Collect$$libinit$$00000019  c_w.l(libinit2.o)
    0x000001ea   0x000001ea   0x00000000   Code   RO          385    .ARM.Collect$$libinit$$0000001B  c_w.l(libinit2.o)
    0x000001ea   0x000001ea   0x00000000   Code   RO          387    .ARM.Collect$$libinit$$0000001D  c_w.l(libinit2.o)
    0x000001ea   0x000001ea   0x00000000   Code   RO          389    .ARM.Collect$$libinit$$0000001F  c_w.l(libinit2.o)
    0x000001ea   0x000001ea   0x00000000   Code   RO          391    .ARM.Collect$$libinit$$00000021  c_w.l(libinit2.o)
    0x000001ea   0x000001ea   0x00000000   Code   RO          393    .ARM.Collect$$libinit$$00000023  c_w.l(libinit2.o)
    0x000001ea   0x000001ea   0x00000000   Code   RO          395    .ARM.Collect$$libinit$$00000025  c_w.l(libinit2.o)
    0x000001ea   0x000001ea   0x00000000   Code   RO          399    .ARM.Collect$$libinit$$0000002C  c_w.l(libinit2.o)
    0x000001ea   0x000001ea   0x00000000   Code   RO          401    .ARM.Collect$$libinit$$0000002E  c_w.l(libinit2.o)
    0x000001ea   0x000001ea   0x00000000   Code   RO          403    .ARM.Collect$$libinit$$00000030  c_w.l(libinit2.o)
    0x000001ea   0x000001ea   0x00000000   Code   RO          405    .ARM.Collect$$libinit$$00000032  c_w.l(libinit2.o)
    0x000001ea   0x000001ea   0x00000002   Code   RO          406    .ARM.Collect$$libinit$$00000033  c_w.l(libinit2.o)
    0x000001ec   0x000001ec   0x00000002   Code   RO          498    .ARM.Collect$$libshutdown$$00000000  c_w.l(libshutdown.o)
    0x000001ee   0x000001ee   0x00000000   Code   RO          521    .ARM.Collect$$libshutdown$$00000002  c_w.l(libshutdown2.o)
    0x000001ee   0x000001ee   0x00000000   Code   RO          523    .ARM.Collect$$libshutdown$$00000004  c_w.l(libshutdown2.o)
    0x000001ee   0x000001ee   0x00000000   Code   RO          526    .ARM.Collect$$libshutdown$$00000007  c_w.l(libshutdown2.o)
    0x000001ee   0x000001ee   0x00000000   Code   RO          529    .ARM.Collect$$libshutdown$$0000000A  c_w.l(libshutdown2.o)
    0x000001ee   0x000001ee   0x00000000   Code   RO          531    .ARM.Collect$$libshutdown$$0000000C  c_w.l(libshutdown2.o)
    0x000001ee   0x000001ee   0x00000000   Code   RO          534    .ARM.Collect$$libshutdown$$0000000F  c_w.l(libshutdown2.o)
    0x000001ee   0x000001ee   0x00000002   Code   RO          535    .ARM.Collect$$libshutdown$$00000010  c_w.l(libshutdown2.o)
    0x000001f0   0x000001f0   0x00000000   Code   RO          223    .ARM.Collect$$rtentry$$00000000  c_w.l(__rtentry.o)
    0x000001f0   0x000001f0   0x00000000   Code   RO          243    .ARM.Collect$$rtentry$$00000002  c_w.l(__rtentry2.o)
    0x000001f0   0x000001f0   0x00000006   Code   RO          255    .ARM.Collect$$rtentry$$00000004  c_w.l(__rtentry4.o)
    0x000001f6   0x000001f6   0x00000000   Code   RO          245    .ARM.Collect$$rtentry$$00000009  c_w.l(__rtentry2.o)
    0x000001f6   0x000001f6   0x00000004   Code   RO          246    .ARM.Collect$$rtentry$$0000000A  c_w.l(__rtentry2.o)
    0x000001fa   0x000001fa   0x00000000   Code   RO          248    .ARM.Collect$$rtentry$$0000000C  c_w.l(__rtentry2.o)
    0x000001fa   0x000001fa   0x00000008   Code   RO          249    .ARM.Collect$$rtentry$$0000000D  c_w.l(__rtentry2.o)
    0x00000202   0x00000202   0x00000002   Code   RO          419    .ARM.Collect$$rtexit$$00000000  c_w.l(rtexit.o)
    0x00000204   0x00000204   0x00000000   Code   RO          456    .ARM.Collect$$rtexit$$00000002  c_w.l(rtexit2.o)
    0x00000204   0x00000204   0x00000004   Code   RO          457    .ARM.Collect$$rtexit$$00000003  c_w.l(rtexit2.o)
    0x00000208   0x00000208   0x00000006   Code   RO          458    .ARM.Collect$$rtexit$$00000004  c_w.l(rtexit2.o)
    0x0000020e   0x0000020e   0x00000002   PAD
    0x00000210   0x00000210   0x0000003c   Code   RO          134  * .text               startup_msp432p401r_uvision.o
    0x0000024c   0x0000024c   0x00000018   Code   RO          178    .text               c_w.l(noretval__2printf.o)
    0x00000264   0x00000264   0x00000052   Code   RO          182    .text               c_w.l(_printf_str.o)
    0x000002b6   0x000002b6   0x0000010e   Code   RO          192    .text               c_w.l(__printf_wp.o)
    0x000003c4   0x000003c4   0x00000020   Code   RO          207    .text               c_w.l(__0scanf.o)
    0x000003e4   0x000003e4   0x0000014c   Code   RO          209    .text               c_w.l(_scanf_int.o)
    0x00000530   0x00000530   0x00000064   Code   RO          211    .text               c_w.l(rt_memcpy_w.o)
    0x00000594   0x00000594   0x00000006   Code   RO          213    .text               c_w.l(heapauxi.o)
    0x0000059a   0x0000059a   0x0000041e   Code   RO          224    .text               c_w.l(_printf_fp_dec.o)
    0x000009b8   0x000009b8   0x0000002c   Code   RO          226    .text               c_w.l(_printf_char.o)
    0x000009e4   0x000009e4   0x00000024   Code   RO          228    .text               c_w.l(_printf_char_file.o)
    0x00000a08   0x00000a08   0x0000001c   Code   RO          231    .text               c_w.l(_chval.o)
    0x00000a24   0x00000a24   0x000004f8   Code   RO          233    .text               c_w.l(scanf_fp.o)
    0x00000f1c   0x00000f1c   0x00000018   Code   RO          235    .text               c_w.l(scanf_char_file.o)
    0x00000f34   0x00000f34   0x00000008   Code   RO          260    .text               c_w.l(rt_locale_intlibspace.o)
    0x00000f3c   0x00000f3c   0x00000008   Code   RO          265    .text               c_w.l(rt_errno_addr_intlibspace.o)
    0x00000f44   0x00000f44   0x0000008a   Code   RO          267    .text               c_w.l(lludiv10.o)
    0x00000fce   0x00000fce   0x00000002   PAD
    0x00000fd0   0x00000fd0   0x00000030   Code   RO          269    .text               c_w.l(_printf_char_common.o)
    0x00001000   0x00001000   0x00000080   Code   RO          271    .text               c_w.l(_printf_fp_infnan.o)
    0x00001080   0x00001080   0x0000002c   Code   RO          273    .text               c_w.l(scanf_char.o)
    0x000010ac   0x000010ac   0x000000e4   Code   RO          275    .text               c_w.l(bigflt0.o)
    0x00001190   0x00001190   0x00000048   Code   RO          300    .text               c_w.l(backspace.o)
    0x000011d8   0x000011d8   0x00000008   Code   RO          302    .text               c_w.l(ferror.o)
    0x000011e0   0x000011e0   0x00000008   Code   RO          333    .text               c_w.l(libspace.o)
    0x000011e8   0x000011e8   0x0000004a   Code   RO          336    .text               c_w.l(sys_stackheap_outer.o)
    0x00001232   0x00001232   0x00000016   Code   RO          338    .text               c_w.l(_rserrno.o)
    0x00001248   0x00001248   0x00000012   Code   RO          340    .text               c_w.l(isspace.o)
    0x0000125a   0x0000125a   0x00000002   PAD
    0x0000125c   0x0000125c   0x00000374   Code   RO          344    .text               c_w.l(_scanf.o)
    0x000015d0   0x000015d0   0x00000320   Code   RO          346    .text               c_w.l(scanf_hexfp.o)
    0x000018f0   0x000018f0   0x00000134   Code   RO          348    .text               c_w.l(scanf_infnan.o)
    0x00001a24   0x00001a24   0x00000048   Code   RO          350    .text               c_w.l(ungetc.o)
    0x00001a6c   0x00001a6c   0x00000012   Code   RO          352    .text               c_w.l(exit.o)
    0x00001a7e   0x00001a7e   0x00000002   PAD
    0x00001a80   0x00001a80   0x00000080   Code   RO          354    .text               c_w.l(strcmpv7m.o)
    0x00001b00   0x00001b00   0x00000010   Code   RO          421    .text               c_w.l(rt_ctype_table.o)
    0x00001b10   0x00001b10   0x00000026   Code   RO          423    .text               c_w.l(llshl.o)
    0x00001b36   0x00001b36   0x00000002   PAD
    0x00001b38   0x00001b38   0x0000000c   Code   RO          488    .text               c_w.l(sys_exit.o)
    0x00001b44   0x00001b44   0x00000002   Code   RO          511    .text               c_w.l(use_no_semi.o)
    0x00001b46   0x00001b46   0x00000000   Code   RO          513    .text               c_w.l(indicate_semi.o)
    0x00001b46   0x00001b46   0x0000003e   Code   RO          278    CL$$btod_d2e        c_w.l(btod.o)
    0x00001b84   0x00001b84   0x00000046   Code   RO          280    CL$$btod_d2e_denorm_low  c_w.l(btod.o)
    0x00001bca   0x00001bca   0x00000060   Code   RO          279    CL$$btod_d2e_norm_op1  c_w.l(btod.o)
    0x00001c2a   0x00001c2a   0x00000338   Code   RO          288    CL$$btod_div_common  c_w.l(btod.o)
    0x00001f62   0x00001f62   0x00000002   PAD
    0x00001f64   0x00001f64   0x00000084   Code   RO          286    CL$$btod_e2d        c_w.l(btod.o)
    0x00001fe8   0x00001fe8   0x000000dc   Code   RO          285    CL$$btod_e2e        c_w.l(btod.o)
    0x000020c4   0x000020c4   0x0000002a   Code   RO          282    CL$$btod_ediv       c_w.l(btod.o)
    0x000020ee   0x000020ee   0x0000002a   Code   RO          284    CL$$btod_edivd      c_w.l(btod.o)
    0x00002118   0x00002118   0x0000002a   Code   RO          281    CL$$btod_emul       c_w.l(btod.o)
    0x00002142   0x00002142   0x0000002a   Code   RO          283    CL$$btod_emuld      c_w.l(btod.o)
    0x0000216c   0x0000216c   0x00000244   Code   RO          287    CL$$btod_mult_common  c_w.l(btod.o)
    0x000023b0   0x000023b0   0x000000c0   Code   RO            1    i.Deposit           main.o
    0x00002470   0x00002470   0x00000048   Code   RO           43    i.OutputInit        redirectprintf.o
    0x000024b8   0x000024b8   0x0000001c   Code   RO           44    i.ReadInput         redirectprintf.o
    0x000024d4   0x000024d4   0x00000018   Code   RO           45    i.SendOutput        redirectprintf.o
    0x000024ec   0x000024ec   0x0000006c   Code   RO          142    i.SystemInit        system_msp432p401r.o
    0x00002558   0x00002558   0x000000b8   Code   RO            2    i.Withdraw          main.o
    0x00002610   0x00002610   0x00000030   Code   RO          323    i.__ARM_fpclassify  m_wm.l(fpclassify.o)
    0x00002640   0x00002640   0x000000f8   Code   RO          325    i.__hardfp___mathlib_tofloat  m_wm.l(narrow.o)
    0x00002738   0x00002738   0x000000d0   Code   RO          439    i.__hardfp_ldexp    m_wm.l(ldexp.o)
    0x00002808   0x00002808   0x00000020   Code   RO          475    i.__mathlib_dbl_overflow  m_wm.l(dunder.o)
    0x00002828   0x00002828   0x00000020   Code   RO          477    i.__mathlib_dbl_underflow  m_wm.l(dunder.o)
    0x00002848   0x00002848   0x00000012   Code   RO          326    i.__mathlib_narrow  m_wm.l(narrow.o)
    0x0000285a   0x0000285a   0x00000014   Code   RO          441    i.__support_ldexp   m_wm.l(ldexp.o)
    0x0000286e   0x0000286e   0x0000000e   Code   RO          194    i._is_digit         c_w.l(__printf_wp.o)
    0x0000287c   0x0000287c   0x00000020   Code   RO           46    i.fgetc             redirectprintf.o
    0x0000289c   0x0000289c   0x0000000e   Code   RO           47    i.fputc             redirectprintf.o
    0x000028aa   0x000028aa   0x00000006   PAD
    0x000028b0   0x000028b0   0x0000008c   Code   RO          415    i.frexp             m_wm.l(frexp.o)
    0x0000293c   0x0000293c   0x00000144   Code   RO            3    i.main              main.o
    0x00002a80   0x00002a80   0x00000040   Code   RO            4    i.printMenu         main.o
    0x00002ac0   0x00002ac0   0x0000002c   Code   RO          309    locale$$code        c_w.l(lc_numeric_c.o)
    0x00002aec   0x00002aec   0x0000002c   Code   RO          463    locale$$code        c_w.l(lc_ctype_c.o)
    0x00002b18   0x00002b18   0x00000062   Code   RO          407    x$fpl$d2f           fz_wm.l(d2f.o)
    0x00002b7a   0x00002b7a   0x00000002   PAD
    0x00002b7c   0x00002b7c   0x00000010   Code   RO          505    x$fpl$dcheck1       fz_wm.l(dcheck1.o)
    0x00002b8c   0x00002b8c   0x00000018   Code   RO          427    x$fpl$dcmpinf       fz_wm.l(dcmpi.o)
    0x00002ba4   0x00002ba4   0x00000078   Code   RO          409    x$fpl$deqf          fz_wm.l(deqf.o)
    0x00002c1c   0x00002c1c   0x00000078   Code   RO          429    x$fpl$dleqf         fz_wm.l(dleqf.o)
    0x00002c94   0x00002c94   0x00000154   Code   RO          431    x$fpl$dmul          fz_wm.l(dmul.o)
    0x00002de8   0x00002de8   0x0000009c   Code   RO          433    x$fpl$dnaninf       fz_wm.l(dnaninf.o)
    0x00002e84   0x00002e84   0x0000000c   Code   RO          237    x$fpl$dretinf       fz_wm.l(dretinf.o)
    0x00002e90   0x00002e90   0x0000006c   Code   RO          411    x$fpl$drleqf        fz_wm.l(drleqf.o)
    0x00002efc   0x00002efc   0x00000056   Code   RO          217    x$fpl$f2d           fz_wm.l(f2d.o)
    0x00002f52   0x00002f52   0x0000008c   Code   RO          239    x$fpl$fnaninf       fz_wm.l(fnaninf.o)
    0x00002fde   0x00002fde   0x0000000a   Code   RO          435    x$fpl$fpinit        fz_wm.l(fpinit.o)
    0x00002fe8   0x00002fe8   0x0000000a   Code   RO          437    x$fpl$fretinf       fz_wm.l(fretinf.o)
    0x00002ff2   0x00002ff2   0x00000006   Code   RO          315    x$fpl$ieeestatus    fz_wm.l(istatus.o)
    0x00002ff8   0x00002ff8   0x00000004   Code   RO          219    x$fpl$printf1       fz_wm.l(printf1.o)
    0x00002ffc   0x00002ffc   0x00000064   Code   RO          536    x$fpl$retnan        fz_wm.l(retnan.o)
    0x00003060   0x00003060   0x0000005c   Code   RO          469    x$fpl$scalbn        fz_wm.l(scalbn.o)
    0x000030bc   0x000030bc   0x00000004   Code   RO          221    x$fpl$scanf1        fz_wm.l(scanf1.o)
    0x000030c0   0x000030c0   0x00000008   Code   RO          317    x$fpl$scanf2        fz_wm.l(scanf2.o)
    0x000030c8   0x000030c8   0x00000030   Code   RO          542    x$fpl$trapveneer    fz_wm.l(trapv.o)
    0x000030f8   0x000030f8   0x00000000   Code   RO          241    x$fpl$usenofp       fz_wm.l(usenofp.o)
    0x000030f8   0x000030f8   0x00000094   Data   RO          276    .constdata          c_w.l(bigflt0.o)
    0x0000318c   0x0000318c   0x00000020   Data   RO          564    Region$$Table       anon$$obj.o
    0x000031ac   0x000031ac   0x00000008   Data   RO          311    c$$dinf             fz_wm.l(fpconst.o)
    0x000031b4   0x000031b4   0x00000008   Data   RO          314    c$$dmax             fz_wm.l(fpconst.o)
    0x000031bc   0x000031bc   0x0000001c   Data   RO          308    locale$$data        c_w.l(lc_numeric_c.o)
    0x000031d8   0x000031d8   0x00000110   Data   RO          462    locale$$data        c_w.l(lc_ctype_c.o)


    Execution Region ER_RW (Exec base: 0x20000000, Load base: 0x000032e8, Size: 0x0000000c, Max: 0xffffffff, ABSOLUTE)

    Exec Addr    Load Addr    Size         Type   Attr      Idx    E Section Name        Object

    0x20000000   0x000032e8   0x0000000c   Data   RW           48    .data               redirectprintf.o


    Execution Region ER_ZI (Exec base: 0x2000000c, Load base: 0x000032f4, Size: 0x00000264, Max: 0xffffffff, ABSOLUTE)

    Exec Addr    Load Addr    Size         Type   Attr      Idx    E Section Name        Object

    0x2000000c        -       0x00000060   Zero   RW          334    .bss                c_w.l(libspace.o)
    0x2000006c   0x000032f4   0x00000004   PAD
    0x20000070        -       0x00000000   Zero   RW          132    HEAP                startup_msp432p401r_uvision.o
    0x20000070        -       0x00000200   Zero   RW          131    STACK               startup_msp432p401r_uvision.o


==============================================================================

Image component sizes


      Code (inc. data)   RO Data    RW Data    ZI Data      Debug   Object Name

       764        344          0          0          0       4068   main.o
       170         20          0         12          0       4528   redirectprintf.o
        60         22        324          0        512        916   startup_msp432p401r_uvision.o
       108         22          0          0          0        521   system_msp432p401r.o

    ----------------------------------------------------------------------
      1108        408        356         12        512      10033   Object Totals
         0          0         32          0          0          0   (incl. Generated)
         6          0          0          0          0          0   (incl. Padding)

    ----------------------------------------------------------------------

      Code (inc. data)   RO Data    RW Data    ZI Data      Debug   Library Member Name

        32          6          0          0          0         84   __0scanf.o
         8          0          0          0          0         68   __main.o
       284          0          0          0          0        156   __printf_wp.o
         0          0          0          0          0          0   __rtentry.o
        12          0          0          0          0          0   __rtentry2.o
         6          0          0          0          0          0   __rtentry4.o
        52          8          0          0          0          0   __scatter.o
        26          0          0          0          0          0   __scatter_copy.o
        28          0          0          0          0          0   __scatter_zi.o
        28          0          0          0          0         68   _chval.o
        44          0          0          0          0        108   _printf_char.o
        48          6          0          0          0         96   _printf_char_common.o
        36          4          0          0          0         80   _printf_char_file.o
         6          0          0          0          0          0   _printf_f.o
      1054          0          0          0          0        216   _printf_fp_dec.o
       128         16          0          0          0         84   _printf_fp_infnan.o
         0          0          0          0          0          0   _printf_percent.o
         4          0          0          0          0          0   _printf_percent_end.o
         6          0          0          0          0          0   _printf_s.o
        82          0          0          0          0         80   _printf_str.o
        22          0          0          0          0        100   _rserrno.o
       884          6          0          0          0        100   _scanf.o
       332          0          0          0          0         96   _scanf_int.o
        72          0          0          0          0         92   backspace.o
       228          4        148          0          0         96   bigflt0.o
      2152        136          0          0          0        960   btod.o
        18          0          0          0          0         80   exit.o
         8          0          0          0          0         68   ferror.o
         6          0          0          0          0        152   heapauxi.o
         0          0          0          0          0          0   indicate_semi.o
        18          0          0          0          0         76   isspace.o
        44         10        272          0          0         76   lc_ctype_c.o
        44         10         28          0          0         76   lc_numeric_c.o
         2          0          0          0          0          0   libinit.o
        34          0          0          0          0          0   libinit2.o
         2          0          0          0          0          0   libshutdown.o
         2          0          0          0          0          0   libshutdown2.o
         8          4          0          0         96         68   libspace.o
        38          0          0          0          0         68   llshl.o
       138          0          0          0          0         80   lludiv10.o
        24          4          0          0          0         84   noretval__2printf.o
        16          4          0          0          0         76   rt_ctype_table.o
         8          4          0          0          0         68   rt_errno_addr_intlibspace.o
         8          4          0          0          0         68   rt_locale_intlibspace.o
       100          0          0          0          0         80   rt_memcpy_w.o
         2          0          0          0          0          0   rtexit.o
        10          0          0          0          0          0   rtexit2.o
        44          8          0          0          0         84   scanf_char.o
        24          8          0          0          0         68   scanf_char_file.o
      1272         16          0          0          0        168   scanf_fp.o
       800         14          0          0          0        100   scanf_hexfp.o
       308         16          0          0          0        100   scanf_infnan.o
       128          0          0          0          0         68   strcmpv7m.o
        12          4          0          0          0         68   sys_exit.o
        74          0          0          0          0         80   sys_stackheap_outer.o
        72         12          0          0          0         68   ungetc.o
         2          0          0          0          0         68   use_no_semi.o
        98          4          0          0          0        140   d2f.o
        16          4          0          0          0        116   dcheck1.o
        24          0          0          0          0        116   dcmpi.o
       120          4          0          0          0        140   deqf.o
       120          4          0          0          0        140   dleqf.o
       340         12          0          0          0        152   dmul.o
       156          4          0          0          0        140   dnaninf.o
        12          0          0          0          0        116   dretinf.o
       108          0          0          0          0        128   drleqf.o
        86          4          0          0          0        132   f2d.o
       140          4          0          0          0        132   fnaninf.o
         0          0         16          0          0          0   fpconst.o
        10          0          0          0          0        116   fpinit.o
        10          0          0          0          0        116   fretinf.o
         6          0          0          0          0        116   istatus.o
         4          0          0          0          0        116   printf1.o
       100          0          0          0          0        116   retnan.o
        92          0          0          0          0        116   scalbn.o
         4          0          0          0          0        116   scanf1.o
         8          0          0          0          0        132   scanf2.o
        48          0          0          0          0        116   trapv.o
         0          0          0          0          0          0   usenofp.o
        64         16          0          0          0        248   dunder.o
        48          0          0          0          0        124   fpclassify.o
       140         22          0          0          0        132   frexp.o
       228          8          0          0          0        308   ldexp.o
       266         16          0          0          0        308   narrow.o

    ----------------------------------------------------------------------
     11104        408        464          0        100       8108   Library Totals
        16          2          0          0          4          0   (incl. Padding)

    ----------------------------------------------------------------------

      Code (inc. data)   RO Data    RW Data    ZI Data      Debug   Library Name

      8840        304        448          0         96       4476   c_w.l
      1502         40         16          0          0       2512   fz_wm.l
       746         62          0          0          0       1120   m_wm.l

    ----------------------------------------------------------------------
     11104        408        464          0        100       8108   Library Totals

    ----------------------------------------------------------------------

==============================================================================


      Code (inc. data)   RO Data    RW Data    ZI Data      Debug   

     12212        816        820         12        612      12245   Grand Totals
     12212        816        820         12        612      12245   ELF Image Totals
     12212        816        820         12          0          0   ROM Totals

==============================================================================

    Total RO  Size (Code + RO Data)                13032 (  12.73kB)
    Total RW  Size (RW Data + ZI Data)               624 (   0.61kB)
    Total ROM Size (Code + RO Data + RW Data)      13044 (  12.74kB)

==============================================================================

