Component: ARM Compiler 5.06 update 6 (build 750) Tool: armlink [4d35ed]

==============================================================================

Section Cross References

    main.o(i.Menu1) refers to _scanf_str.o(.text) for _scanf_string
    main.o(i.Menu1) refers to noretval__2printf.o(.text) for __2printf
    main.o(i.Menu1) refers to __0scanf.o(.text) for __0scanf
    main.o(i.Menu1) refers to main.o(.conststring) for .conststring
    main.o(i.Menu2) refers to _scanf_int.o(.text) for _scanf_int
    main.o(i.Menu2) refers to noretval__2printf.o(.text) for __2printf
    main.o(i.Menu2) refers to __0scanf.o(.text) for __0scanf
    main.o(i.calVolume) refers to _printf_percent.o(.ARM.Collect$$_printf_percent$$00000000) for _printf_percent
    main.o(i.calVolume) refers to _printf_f.o(.ARM.Collect$$_printf_percent$$00000003) for _printf_f
    main.o(i.calVolume) refers to printf1.o(x$fpl$printf1) for _printf_fp_dec
    main.o(i.calVolume) refers to f2d.o(x$fpl$f2d) for __aeabi_f2d
    main.o(i.calVolume) refers to pow.o(i.__hardfp_pow) for __hardfp_pow
    main.o(i.calVolume) refers to dmul.o(x$fpl$dmul) for __aeabi_dmul
    main.o(i.calVolume) refers to d2f.o(x$fpl$d2f) for __aeabi_d2f
    main.o(i.calVolume) refers to noretval__2printf.o(.text) for __2printf
    main.o(i.getRadius) refers to scanf1.o(x$fpl$scanf1) for _scanf_real
    main.o(i.getRadius) refers to noretval__2printf.o(.text) for __2printf
    main.o(i.getRadius) refers to __0scanf.o(.text) for __0scanf
    main.o(i.main) refers to _scanf_str.o(.text) for _scanf_string
    main.o(i.main) refers to scanf1.o(x$fpl$scanf1) for _scanf_real
    main.o(i.main) refers to redirectprintf.o(i.OutputInit) for OutputInit
    main.o(i.main) refers to noretval__2printf.o(.text) for __2printf
    main.o(i.main) refers to __0scanf.o(.text) for __0scanf
    main.o(i.main) refers to main.o(i.Menu1) for Menu1
    main.o(i.main) refers to main.o(i.modString) for modString
    main.o(i.main) refers to main.o(i.Menu2) for Menu2
    main.o(i.main) refers to main.o(i.calVolume) for calVolume
    main.o(i.modString) refers to _printf_percent.o(.ARM.Collect$$_printf_percent$$00000000) for _printf_percent
    main.o(i.modString) refers to _printf_s.o(.ARM.Collect$$_printf_percent$$00000014) for _printf_s
    main.o(i.modString) refers to _printf_str.o(.text) for _printf_str
    main.o(i.modString) refers to _printf_d.o(.ARM.Collect$$_printf_percent$$00000009) for _printf_d
    main.o(i.modString) refers to _printf_dec.o(.text) for _printf_int_dec
    main.o(i.modString) refers to _scanf_str.o(.text) for _scanf_string
    main.o(i.modString) refers to toupper.o(.text) for toupper
    main.o(i.modString) refers to strlen.o(.text) for strlen
    main.o(i.modString) refers to noretval__2printf.o(.text) for __2printf
    main.o(i.modString) refers to rt_ctype_table.o(.text) for __rt_ctype_table
    main.o(i.modString) refers to tolower.o(.text) for tolower
    main.o(i.modString) refers to __0scanf.o(.text) for __0scanf
    redirectprintf.o(i.fgetc) refers to redirectprintf.o(i.ReadInput) for ReadInput
    redirectprintf.o(i.fgetc) refers to redirectprintf.o(i.SendOutput) for SendOutput
    redirectprintf.o(i.fputc) refers to redirectprintf.o(i.SendOutput) for SendOutput
    startup_msp432p401r_uvision.o(STACK) refers (Special) to heapauxi.o(.text) for __use_two_region_memory
    startup_msp432p401r_uvision.o(HEAP) refers (Special) to heapauxi.o(.text) for __use_two_region_memory
    startup_msp432p401r_uvision.o(RESET) refers (Special) to heapauxi.o(.text) for __use_two_region_memory
    startup_msp432p401r_uvision.o(RESET) refers to startup_msp432p401r_uvision.o(STACK) for __initial_sp
    startup_msp432p401r_uvision.o(RESET) refers to startup_msp432p401r_uvision.o(.text) for Reset_Handler
    startup_msp432p401r_uvision.o(.text) refers (Special) to heapauxi.o(.text) for __use_two_region_memory
    startup_msp432p401r_uvision.o(.text) refers to system_msp432p401r.o(i.SystemInit) for SystemInit
    startup_msp432p401r_uvision.o(.text) refers to __main.o(!!!main) for __main
    startup_msp432p401r_uvision.o(.text) refers to startup_msp432p401r_uvision.o(HEAP) for Heap_Mem
    startup_msp432p401r_uvision.o(.text) refers to startup_msp432p401r_uvision.o(STACK) for Stack_Mem
    system_msp432p401r.o(i.SystemCoreClockUpdate) refers to system_msp432p401r.o(.data) for SystemCoreClock
    rt_ctype_table.o(.text) refers to rt_locale_intlibspace.o(.text) for __rt_locale
    rt_ctype_table.o(.text) refers to lc_ctype_c.o(locale$$code) for _get_lc_ctype
    tolower.o(.text) refers to rt_ctype_table.o(.text) for __rt_ctype_table
    toupper.o(.text) refers to rt_ctype_table.o(.text) for __rt_ctype_table
    __2printf.o(.text) refers to _printf_char_file.o(.text) for _printf_char_file
    __2printf.o(.text) refers to redirectprintf.o(.data) for __stdout
[...]
    ../clib/signal.c                         0x00000000   Number         0  defsig_segv_inner.o ABSOLUTE
    ../clib/signal.c                         0x00000000   Number         0  defsig_other.o ABSOLUTE
    ../clib/signal.s                         0x00000000   Number         0  defsig.o ABSOLUTE
    ../clib/stdio.c                          0x00000000   Number         0  ferror.o ABSOLUTE
    ../clib/stdio.c                          0x00000000   Number         0  ferror_locked.o ABSOLUTE
    ../clib/stdio.c                          0x00000000   Number         0  backspace_locked.o ABSOLUTE
    ../clib/stdio.c                          0x00000000   Number         0  ungetc.o ABSOLUTE
    ../clib/stdio.c                          0x00000000   Number         0  backspace.o ABSOLUTE
    ../clib/stdlib.c                         0x00000000   Number         0  exit.o ABSOLUTE
    ../clib/string.c                         0x00000000   Number         0  strlen.o ABSOLUTE
    ../fplib/basic.s                         0x00000000   Number         0  basic.o ABSOLUTE
    ../fplib/d2f.s                           0x00000000   Number         0  d2f.o ABSOLUTE
    ../fplib/daddsub.s                       0x00000000   Number         0  daddsub_clz.o ABSOLUTE
    ../fplib/dcheck1.s                       0x00000000   Number         0  dcheck1.o ABSOLUTE
    ../fplib/dcmpi.s                         0x00000000   Number         0  dcmpi.o ABSOLUTE
    ../fplib/ddiv.s                          0x00000000   Number         0  ddiv.o ABSOLUTE
    ../fplib/deqf.s                          0x00000000   Number         0  deqf.o ABSOLUTE
    ../fplib/dflt.s                          0x00000000   Number         0  dflt_clz.o ABSOLUTE
    ../fplib/dleqf.s                         0x00000000   Number         0  dleqf.o ABSOLUTE
    ../fplib/dmul.s                          0x00000000   Number         0  dmul.o ABSOLUTE
    ../fplib/dnaninf.s                       0x00000000   Number         0  dnaninf.o ABSOLUTE
    ../fplib/dretinf.s                       0x00000000   Number         0  dretinf.o ABSOLUTE
    ../fplib/drleqf.s                        0x00000000   Number         0  drleqf.o ABSOLUTE
    ../fplib/dsqrt.s                         0x00000000   Number         0  dsqrt_umaal.o ABSOLUTE
    ../fplib/f2d.s                           0x00000000   Number         0  f2d.o ABSOLUTE
    ../fplib/fnaninf.s                       0x00000000   Number         0  fnaninf.o ABSOLUTE
    ../fplib/fpconst.s                       0x00000000   Number         0  fpconst.o ABSOLUTE
    ../fplib/fpinit.s                        0x00000000   Number         0  fpinit.o ABSOLUTE
    ../fplib/fretinf.s                       0x00000000   Number         0  fretinf.o ABSOLUTE
    ../fplib/istatus.s                       0x00000000   Number         0  istatus.o ABSOLUTE
    ../fplib/printf1.s                       0x00000000   Number         0  printf1.o ABSOLUTE
    ../fplib/retnan.s                        0x00000000   Number         0  retnan.o ABSOLUTE
    ../fplib/scalbn.s                        0x00000000   Number         0  scalbn.o ABSOLUTE
    ../fplib/scanf1.s                        0x00000000   Number         0  scanf1.o ABSOLUTE
    ../fplib/scanf2.s                        0x00000000   Number         0  scanf2.o ABSOLUTE
    ../fplib/scanf2a.s                       0x00000000   Number         0  scanf2a.o ABSOLUTE
    ../fplib/scanf2b.s                       0x00000000   Number         0  scanf2b.o ABSOLUTE
    ../fplib/trapv.s                         0x00000000   Number         0  trapv.o ABSOLUTE
    ../fplib/usenofp.s                       0x00000000   Number         0  usenofp.o ABSOLUTE
    ../mathlib/dunder.c                      0x00000000   Number         0  dunder.o ABSOLUTE
    ../mathlib/fabs.c                        0x00000000   Number         0  fabs.o ABSOLUTE
    ../mathlib/fpclassify.c                  0x00000000   Number         0  fpclassify.o ABSOLUTE
    ../mathlib/frexp.c                       0x00000000   Number         0  frexp.o ABSOLUTE
    ../mathlib/ldexp.c                       0x00000000   Number         0  ldexp.o ABSOLUTE
    ../mathlib/ldexp.c                       0x00000000   Number         0  ldexp_x.o ABSOLUTE
    ../mathlib/narrow.c                      0x00000000   Number         0  narrow.o ABSOLUTE
    ../mathlib/poly.c                        0x00000000   Number         0  poly.o ABSOLUTE
    ../mathlib/pow.c                         0x00000000   Number         0  pow.o ABSOLUTE
    ../mathlib/pow.c                         0x00000000   Number         0  pow_x.o ABSOLUTE
    ../mathlib/qnan.c                        0x00000000   Number         0  qnan.o ABSOLUTE
    ../mathlib/sqrt.c                        0x00000000   Number         0  sqrt_x.o ABSOLUTE
    ../mathlib/sqrt.c                        0x00000000   Number         0  sqrt.o ABSOLUTE
    RTE\Device\MSP432P401R\startup_msp432p401r_uvision.s 0x00000000   Number         0  startup_msp432p401r_uvision.o ABSOLUTE
    RTE\Device\MSP432P401R\system_msp432p401r.c 0x00000000   Number         0  system_msp432p401r.o ABSOLUTE
    RTE\\Device\\MSP432P401R\\system_msp432p401r.c 0x00000000   Number         0  system_msp432p401r.o ABSOLUTE
    RedirectPrintf.c                         0x00000000   Number         0  redirectprintf.o ABSOLUTE
    RedirectPrintf.c                         0x00000000   Number         0  redirectprintf.o ABSOLUTE
    dc.s                                     0x00000000   Number         0  dc.o ABSOLUTE
    main.c                                   0x00000000   Number         0  main.o ABSOLUTE
    !!!main                                  0x00000144   Section        8  __main.o(!!!main)
    !!!scatter                               0x0000014c   Section       52  __scatter.o(!!!scatter)
    !!handler_copy                           0x00000180   Section       26  __scatter_copy.o(!!handler_copy)
    !!handler_zi                             0x0000019c   Section       28  __scatter_zi.o(!!handler_zi)
    .ARM.Collect$$_printf_percent$$00000000  0x000001b8   Section        0  _printf_percent.o(.ARM.Collect$$_printf_percent$$00000000)
    .ARM.Collect$$_printf_percent$$00000003  0x000001b8   Section        6  _printf_f.o(.ARM.Collect$$_printf_percent$$00000003)
    .ARM.Collect$$_printf_percent$$00000009  0x000001be   Section        6  _printf_d.o(.ARM.Collect$$_printf_percent$$00000009)
    .ARM.Collect$$_printf_percent$$00000014  0x000001c4   Section        6  _printf_s.o(.ARM.Collect$$_printf_percent$$00000014)
    .ARM.Collect$$_printf_percent$$00000017  0x000001ca   Section        4  _printf_percent_end.o(.ARM.Collect$$_printf_percent$$00000017)
    .ARM.Collect$$libinit$$00000000          0x000001ce   Section        2  libinit.o(.ARM.Collect$$libinit$$00000000)
    .ARM.Collect$$libinit$$00000001          0x000001d0   Section        4  libinit2.o(.ARM.Collect$$libinit$$00000001)
    .ARM.Collect$$libinit$$00000004          0x000001d4   Section        0  libinit2.o(.ARM.Collect$$libinit$$00000004)
    .ARM.Collect$$libinit$$0000000A          0x000001d4   Section        0  libinit2.o(.ARM.Collect$$libinit$$0000000A)
    .ARM.Collect$$libinit$$0000000C          0x000001d4   Section        0  libinit2.o(.ARM.Collect$$libinit$$0000000C)
    .ARM.Collect$$libinit$$0000000E          0x000001d4   Section        0  libinit2.o(.ARM.Collect$$libinit$$0000000E)
    .ARM.Collect$$libinit$$0000000F          0x000001d4   Section        6  libinit2.o(.ARM.Collect$$libinit$$0000000F)
    .ARM.Collect$$libinit$$00000011          0x000001da   Section        0  libinit2.o(.ARM.Collect$$libinit$$00000011)
    .ARM.Collect$$libinit$$00000012          0x000001da   Section       12  libinit2.o(.ARM.Collect$$libinit$$00000012)
    .ARM.Collect$$libinit$$00000013          0x000001e6   Section        0  libinit2.o(.ARM.Collect$$libinit$$00000013)
    .ARM.Collect$$libinit$$00000015          0x000001e6   Section        0  libinit2.o(.ARM.Collect$$libinit$$00000015)
    .ARM.Collect$$libinit$$00000016          0x000001e6   Section       10  libinit2.o(.ARM.Collect$$libinit$$00000016)
    .ARM.Collect$$libinit$$00000017          0x000001f0   Section        0  libinit2.o(.ARM.Collect$$libinit$$00000017)
    .ARM.Collect$$libinit$$00000019          0x000001f0   Section        0  libinit2.o(.ARM.Collect$$libinit$$00000019)
    .ARM.Collect$$libinit$$0000001B          0x000001f0   Section        0  libinit2.o(.ARM.Collect$$libinit$$0000001B)
    .ARM.Collect$$libinit$$0000001D          0x000001f0   Section        0  libinit2.o(.ARM.Collect$$libinit$$0000001D)
    .ARM.Collect$$libinit$$0000001F          0x000001f0   Section        0  libinit2.o(.ARM.Collect$$libinit$$0000001F)
    .ARM.Collect$$libinit$$00000021          0x000001f0   Section        0  libinit2.o(.ARM.Collect$$libinit$$00000021)
    .ARM.Collect$$libinit$$00000023          0x000001f0   Section        0  libinit2.o(.ARM.Collect$$libinit$$00000023)
    .ARM.Collect$$libinit$$00000025          0x000001f0   Section        0  libinit2.o(.ARM.Collect$$libinit$$00000025)
    .ARM.Collect$$libinit$$0000002C          0x000001f0   Section        0  libinit2.o(.ARM.Collect$$libinit$$0000002C)
    .ARM.Collect$$libinit$$0000002E          0x000001f0   Section        0  libinit2.o(.ARM.Collect$$libinit$$0000002E)
    .ARM.Collect$$libinit$$00000030          0x000001f0   Section        0  libinit2.o(.ARM.Collect$$libinit$$00000030)
    .ARM.Collect$$libinit$$00000032          0x000001f0   Section        0  libinit2.o(.ARM.Collect$$libinit$$00000032)
    .ARM.Collect$$libinit$$00000033          0x000001f0   Section        2  libinit2.o(.ARM.Collect$$libinit$$00000033)
    .ARM.Collect$$libshutdown$$00000000      0x000001f2   Section        2  libshutdown.o(.ARM.Collect$$libshutdown$$00000000)
    .ARM.Collect$$libshutdown$$00000002      0x000001f4   Section        0  libshutdown2.o(.ARM.Collect$$libshutdown$$00000002)
    .ARM.Collect$$libshutdown$$00000004      0x000001f4   Section        0  libshutdown2.o(.ARM.Collect$$libshutdown$$00000004)
    .ARM.Collect$$libshutdown$$00000007      0x000001f4   Section        0  libshutdown2.o(.ARM.Collect$$libshutdown$$00000007)
    .ARM.Collect$$libshutdown$$0000000A      0x000001f4   Section        0  libshutdown2.o(.ARM.Collect$$libshutdown$$0000000A)
    .ARM.Collect$$libshutdown$$0000000C      0x000001f4   Section        0  libshutdown2.o(.ARM.Collect$$libshutdown$$0000000C)
    .ARM.Collect$$libshutdown$$0000000F      0x000001f4   Section        0  libshutdown2.o(.ARM.Collect$$libshutdown$$0000000F)
    .ARM.Collect$$libshutdown$$00000010      0x000001f4   Section        2  libshutdown2.o(.ARM.Collect$$libshutdown$$00000010)
    .ARM.Collect$$rtentry$$00000000          0x000001f6   Section        0  __rtentry.o(.ARM.Collect$$rtentry$$00000000)
    .ARM.Collect$$rtentry$$00000002          0x000001f6   Section        0  __rtentry2.o(.ARM.Collect$$rtentry$$00000002)
    .ARM.Collect$$rtentry$$00000004          0x000001f6   Section        6  __rtentry4.o(.ARM.Collect$$rtentry$$00000004)
    .ARM.Collect$$rtentry$$00000009          0x000001fc   Section        0  __rtentry2.o(.ARM.Collect$$rtentry$$00000009)
    .ARM.Collect$$rtentry$$0000000A          0x000001fc   Section        4  __rtentry2.o(.ARM.Collect$$rtentry$$0000000A)
    .ARM.Collect$$rtentry$$0000000C          0x00000200   Section        0  __rtentry2.o(.ARM.Collect$$rtentry$$0000000C)
    .ARM.Collect$$rtentry$$0000000D          0x00000200   Section        8  __rtentry2.o(.ARM.Collect$$rtentry$$0000000D)
    .ARM.Collect$$rtexit$$00000000           0x00000208   Section        2  rtexit.o(.ARM.Collect$$rtexit$$00000000)
    .ARM.Collect$$rtexit$$00000002           0x0000020a   Section        0  rtexit2.o(.ARM.Collect$$rtexit$$00000002)
    .ARM.Collect$$rtexit$$00000003           0x0000020a   Section        4  rtexit2.o(.ARM.Collect$$rtexit$$00000003)
    .ARM.Collect$$rtexit$$00000004           0x0000020e   Section        6  rtexit2.o(.ARM.Collect$$rtexit$$00000004)
    .text                                    0x00000214   Section       60  startup_msp432p401r_uvision.o(.text)
    $v0                                      0x00000214   Number         0  startup_msp432p401r_uvision.o(.text)
    .text                                    0x00000250   Section       16  rt_ctype_table.o(.text)
    .text                                    0x00000260   Section        0  tolower.o(.text)
    .text                                    0x0000027a   Section        0  toupper.o(.text)
    .text                                    0x00000298   Section        0  noretval__2printf.o(.text)
    .text                                    0x000002b0   Section        0  _printf_str.o(.text)
    .text                                    0x00000304   Section        0  _printf_dec.o(.text)
    .text                                    0x0000037c   Section        0  __printf_wp.o(.text)
    .text                                    0x0000048c   Section        0  __0scanf.o(.text)
    .text                                    0x000004ac   Section        0  _scanf_int.o(.text)
    .text                                    0x000005f8   Section        0  _scanf_str.o(.text)
    .text                                    0x000006d8   Section        0  strlen.o(.text)
    .text                                    0x00000716   Section        0  heapauxi.o(.text)
    .text                                    0x0000071c   Section        8  rt_locale_intlibspace.o(.text)
    .text                                    0x00000724   Section        0  _rserrno.o(.text)
    .text                                    0x0000073a   Section        0  _printf_intcommon.o(.text)
    .text                                    0x000007ec   Section        0  _printf_fp_dec.o(.text)
    _fp_digits                               0x000007ef   Thumb Code   432  _printf_fp_dec.o(.text)
    .text                                    0x00000c0a   Section        0  _printf_char.o(.text)
    .text                                    0x00000c38   Section        0  _printf_char_file.o(.text)
    .text                                    0x00000c5c   Section        0  _chval.o(.text)
    .text                                    0x00000c78   Section        0  scanf_fp.o(.text)
    _fp_value                                0x00000c79   Thumb Code   588  scanf_fp.o(.text)
    .text                                    0x00001170   Section        0  scanf_char_file.o(.text)
    .text                                    0x00001188   Section        8  libspace.o(.text)
    .text                                    0x00001190   Section        8  rt_errno_addr_intlibspace.o(.text)
    .text                                    0x00001198   Section      138  lludiv10.o(.text)
    .text                                    0x00001224   Section        0  _printf_char_common.o(.text)
    _printf_input_char                       0x00001225   Thumb Code    10  _printf_char_common.o(.text)
    .text                                    0x00001254   Section        0  _printf_fp_infnan.o(.text)
    .text                                    0x000012d4   Section        0  scanf_char.o(.text)
    _scanf_char_input                        0x000012d5   Thumb Code    12  scanf_char.o(.text)
    .text                                    0x00001300   Section        0  bigflt0.o(.text)
    .text                                    0x000013e4   Section        0  backspace.o(.text)
    .text                                    0x0000142c   Section        0  ferror.o(.text)
    .text                                    0x00001434   Section      128  strcmpv7m.o(.text)
    .text                                    0x000014b4   Section       74  sys_stackheap_outer.o(.text)
    .text                                    0x000014fe   Section        0  isspace.o(.text)
    .text                                    0x00001510   Section        0  _scanf.o(.text)
    .text                                    0x00001884   Section        0  scanf_hexfp.o(.text)
    .text                                    0x00001ba4   Section        0  scanf_infnan.o(.text)
    .text                                    0x00001cd8   Section        0  ungetc.o(.text)
    .text                                    0x00001d20   Section        0  exit.o(.text)
    .text                                    0x00001d32   Section       38  llshl.o(.text)
    .text                                    0x00001d58   Section        0  sys_exit.o(.text)
    .text                                    0x00001d64   Section        2  use_no_semi.o(.text)
    .text                                    0x00001d66   Section        0  indicate_semi.o(.text)
    CL$$btod_d2e                             0x00001d66   Section       62  btod.o(CL$$btod_d2e)
    CL$$btod_d2e_denorm_low                  0x00001da4   Section       70  btod.o(CL$$btod_d2e_denorm_low)
    CL$$btod_d2e_norm_op1                    0x00001dea   Section       96  btod.o(CL$$btod_d2e_norm_op1)
    CL$$btod_div_common                      0x00001e4a   Section      824  btod.o(CL$$btod_div_common)
    CL$$btod_e2d                             0x00002184   Section      132  btod.o(CL$$btod_e2d)
    CL$$btod_e2e                             0x00002208   Section      220  btod.o(CL$$btod_e2e)
    CL$$btod_ediv                            0x000022e4   Section       42  btod.o(CL$$btod_ediv)
    CL$$btod_edivd                           0x0000230e   Section       42  btod.o(CL$$btod_edivd)
    CL$$btod_emul                            0x00002338   Section       42  btod.o(CL$$btod_emul)
    CL$$btod_emuld                           0x00002362   Section       42  btod.o(CL$$btod_emuld)
    CL$$btod_mult_common                     0x0000238c   Section      580  btod.o(CL$$btod_mult_common)
    i.Menu1                                  0x000025d0   Section        0  main.o(i.Menu1)
    i.Menu2                                  0x000025f0   Section        0  main.o(i.Menu2)
    i.OutputInit                             0x00002634   Section        0  redirectprintf.o(i.OutputInit)
    i.ReadInput                              0x0000267c   Section        0  redirectprintf.o(i.ReadInput)
    i.SendOutput                             0x00002698   Section        0  redirectprintf.o(i.SendOutput)
    i.SystemInit                             0x000026b0   Section        0  system_msp432p401r.o(i.SystemInit)
    i.__ARM_fpclassify                       0x0000271c   Section        0  fpclassify.o(i.__ARM_fpclassify)
    i.__hardfp___mathlib_tofloat             0x00002750   Section        0  narrow.o(i.__hardfp___mathlib_tofloat)
    i.__hardfp_ldexp                         0x00002848   Section        0  ldexp.o(i.__hardfp_ldexp)
    i.__hardfp_pow                           0x00002918   Section        0  pow.o(i.__hardfp_pow)
    i.__kernel_poly                          0x00003568   Section        0  poly.o(i.__kernel_poly)
    i.__mathlib_dbl_divzero                  0x00003660   Section        0  dunder.o(i.__mathlib_dbl_divzero)
    i.__mathlib_dbl_infnan2                  0x00003690   Section        0  dunder.o(i.__mathlib_dbl_infnan2)
    i.__mathlib_dbl_invalid                  0x000036a8   Section        0  dunder.o(i.__mathlib_dbl_invalid)
    i.__mathlib_dbl_overflow                 0x000036c8   Section        0  dunder.o(i.__mathlib_dbl_overflow)
    i.__mathlib_dbl_underflow                0x000036e8   Section        0  dunder.o(i.__mathlib_dbl_underflow)
    i.__mathlib_narrow                       0x00003708   Section        0  narrow.o(i.__mathlib_narrow)
    i.__support_ldexp                        0x0000371a   Section        0  ldexp.o(i.__support_ldexp)
    i._is_digit                              0x0000372e   Section        0  __printf_wp.o(i._is_digit)
    i.calVolume                              0x0000373c   Section        0  main.o(i.calVolume)
    i.fabs                                   0x0000387c   Section        0  fabs.o(i.fabs)
    i.fgetc                                  0x00003894   Section        0  redirectprintf.o(i.fgetc)
    i.fputc                                  0x000038b4   Section        0  redirectprintf.o(i.fputc)
    i.frexp                                  0x000038c8   Section        0  frexp.o(i.frexp)
    i.main                                   0x00003954   Section        0  main.o(i.main)
    i.modString                              0x000039d4   Section        0  main.o(i.modString)
    i.sqrt                                   0x00003afc   Section        0  sqrt.o(i.sqrt)
    locale$$code                             0x00003b6c   Section       44  lc_ctype_c.o(locale$$code)
    locale$$code                             0x00003b98   Section       44  lc_numeric_c.o(locale$$code)
    x$fpl$basic                              0x00003bc4   Section       24  basic.o(x$fpl$basic)
    $v0                                      0x00003bc4   Number         0  basic.o(x$fpl$basic)
    x$fpl$d2f                                0x00003bdc   Section       98  d2f.o(x$fpl$d2f)
    $v0                                      0x00003bdc   Number         0  d2f.o(x$fpl$d2f)
    x$fpl$dadd                               0x00003c40   Section      336  daddsub_clz.o(x$fpl$dadd)
    $v0                                      0x00003c40   Number         0  daddsub_clz.o(x$fpl$dadd)
    _dadd1                                   0x00003c51   Thumb Code     0  daddsub_clz.o(x$fpl$dadd)
    x$fpl$dcheck1                            0x00003d90   Section       16  dcheck1.o(x$fpl$dcheck1)
    $v0                                      0x00003d90   Number         0  dcheck1.o(x$fpl$dcheck1)
    x$fpl$dcmpinf                            0x00003da0   Section       24  dcmpi.o(x$fpl$dcmpinf)
    $v0                                      0x00003da0   Number         0  dcmpi.o(x$fpl$dcmpinf)
    x$fpl$ddiv                               0x00003db8   Section      688  ddiv.o(x$fpl$ddiv)
    $v0                                      0x00003db8   Number         0  ddiv.o(x$fpl$ddiv)
    ddiv_entry                               0x00003dbf   Thumb Code     0  ddiv.o(x$fpl$ddiv)
    x$fpl$deqf                               0x00004068   Section      120  deqf.o(x$fpl$deqf)
    $v0                                      0x00004068   Number         0  deqf.o(x$fpl$deqf)
    x$fpl$dflt                               0x000040e0   Section       46  dflt_clz.o(x$fpl$dflt)
    $v0                                      0x000040e0   Number         0  dflt_clz.o(x$fpl$dflt)
    x$fpl$dleqf                              0x00004110   Section      120  dleqf.o(x$fpl$dleqf)
    $v0                                      0x00004110   Number         0  dleqf.o(x$fpl$dleqf)
    x$fpl$dmul                               0x00004188   Section      340  dmul.o(x$fpl$dmul)
    $v0                                      0x00004188   Number         0  dmul.o(x$fpl$dmul)
    x$fpl$dnaninf                            0x000042dc   Section      156  dnaninf.o(x$fpl$dnaninf)
    $v0                                      0x000042dc   Number         0  dnaninf.o(x$fpl$dnaninf)
    x$fpl$dretinf                            0x00004378   Section       12  dretinf.o(x$fpl$dretinf)
    $v0                                      0x00004378   Number         0  dretinf.o(x$fpl$dretinf)
    x$fpl$drleqf                             0x00004384   Section      108  drleqf.o(x$fpl$drleqf)
    $v0                                      0x00004384   Number         0  drleqf.o(x$fpl$drleqf)
    x$fpl$drsb                               0x000043f0   Section       22  daddsub_clz.o(x$fpl$drsb)
    $v0                                      0x000043f0   Number         0  daddsub_clz.o(x$fpl$drsb)
    x$fpl$dsqrt                              0x00004408   Section      408  dsqrt_umaal.o(x$fpl$dsqrt)
    $v0                                      0x00004408   Number         0  dsqrt_umaal.o(x$fpl$dsqrt)
    x$fpl$dsub                               0x000045a0   Section      468  daddsub_clz.o(x$fpl$dsub)
    $v0                                      0x000045a0   Number         0  daddsub_clz.o(x$fpl$dsub)
    _dsub1                                   0x000045b1   Thumb Code     0  daddsub_clz.o(x$fpl$dsub)
    x$fpl$f2d                                0x00004774   Section       86  f2d.o(x$fpl$f2d)
    $v0                                      0x00004774   Number         0  f2d.o(x$fpl$f2d)
    x$fpl$fnaninf                            0x000047ca   Section      140  fnaninf.o(x$fpl$fnaninf)
    $v0                                      0x000047ca   Number         0  fnaninf.o(x$fpl$fnaninf)
    x$fpl$fpinit                             0x00004856   Section       10  fpinit.o(x$fpl$fpinit)
    $v0                                      0x00004856   Number         0  fpinit.o(x$fpl$fpinit)
    x$fpl$fretinf                            0x00004860   Section       10  fretinf.o(x$fpl$fretinf)
    $v0                                      0x00004860   Number         0  fretinf.o(x$fpl$fretinf)
    x$fpl$ieeestatus                         0x0000486a   Section        6  istatus.o(x$fpl$ieeestatus)
    $v0                                      0x0000486a   Number         0  istatus.o(x$fpl$ieeestatus)
    x$fpl$printf1                            0x00004870   Section        4  printf1.o(x$fpl$printf1)
    $v0                                      0x00004870   Number         0  printf1.o(x$fpl$printf1)
    x$fpl$retnan                             0x00004874   Section      100  retnan.o(x$fpl$retnan)
    $v0                                      0x00004874   Number         0  retnan.o(x$fpl$retnan)
    x$fpl$scalbn                             0x000048d8   Section       92  scalbn.o(x$fpl$scalbn)
    $v0                                      0x000048d8   Number         0  scalbn.o(x$fpl$scalbn)
    x$fpl$scanf1                             0x00004934   Section        4  scanf1.o(x$fpl$scanf1)
    $v0                                      0x00004934   Number         0  scanf1.o(x$fpl$scanf1)
    x$fpl$scanf2                             0x00004938   Section        8  scanf2.o(x$fpl$scanf2)
    $v0                                      0x00004938   Number         0  scanf2.o(x$fpl$scanf2)
    x$fpl$trapveneer                         0x00004940   Section       48  trapv.o(x$fpl$trapveneer)
    $v0                                      0x00004940   Number         0  trapv.o(x$fpl$trapveneer)
    .constdata                               0x00004970   Section      136  pow.o(.constdata)
    x$fpl$usenofp                            0x00004970   Section        0  usenofp.o(x$fpl$usenofp)
    bp                                       0x00004970   Data          16  pow.o(.constdata)
    dp_h                                     0x00004980   Data          16  pow.o(.constdata)
    dp_l                                     0x00004990   Data          16  pow.o(.constdata)
    L                                        0x000049a0   Data          48  pow.o(.constdata)
    P                                        0x000049d0   Data          40  pow.o(.constdata)
    .constdata                               0x000049f8   Section        8  qnan.o(.constdata)
    .constdata                               0x00004a00   Section      148  bigflt0.o(.constdata)
    tenpwrs_x                                0x00004a00   Data          60  bigflt0.o(.constdata)
    tenpwrs_i                                0x00004a3c   Data          64  bigflt0.o(.constdata)
    .conststring                             0x00004a94   Section       94  main.o(.conststring)
    c$$dinf                                  0x00004b14   Section        8  fpconst.o(c$$dinf)
    c$$dmax                                  0x00004b1c   Section        8  fpconst.o(c$$dmax)
    locale$$data                             0x00004b24   Section      272  lc_ctype_c.o(locale$$data)
    __lcctype_c_name                         0x00004b28   Data           2  lc_ctype_c.o(locale$$data)
    __lcctype_c_start                        0x00004b30   Data           0  lc_ctype_c.o(locale$$data)
    locale$$data                             0x00004c34   Section       28  lc_numeric_c.o(locale$$data)
    __lcctype_c_end                          0x00004c34   Data           0  lc_ctype_c.o(locale$$data)
    __lcnum_c_name                           0x00004c38   Data           2  lc_numeric_c.o(locale$$data)
    __lcnum_c_start                          0x00004c40   Data           0  lc_numeric_c.o(locale$$data)
    __lcnum_c_point                          0x00004c4c   Data           0  lc_numeric_c.o(locale$$data)
    __lcnum_c_thousands                      0x00004c4e   Data           0  lc_numeric_c.o(locale$$data)
    __lcnum_c_grouping                       0x00004c4f   Data           0  lc_numeric_c.o(locale$$data)
    __lcnum_c_end                            0x00004c50   Data           0  lc_numeric_c.o(locale$$data)
    .data                                    0x20000000   Section       12  redirectprintf.o(.data)
    .bss                                     0x2000000c   Section       96  libspace.o(.bss)
    HEAP                                     0x20000070   Section        0  startup_msp432p401r_uvision.o(HEAP)
    STACK                                    0x20000070   Section      512  startup_msp432p401r_uvision.o(STACK)
    Heap_Mem                                 0x20000070   Data           0  startup_msp432p401r_uvision.o(HEAP)
    Stack_Mem                                0x20000070   Data         512  startup_msp432p401r_uvision.o(STACK)
    __initial_sp                             0x20000270   Data           0  startup_msp432p401r_uvision.o(STACK)

    Global Symbols

    Symbol Name                              Value     Ov Type        Size  Object(Section)

    BuildAttributes$$THM_ISAv4$E$P$D$K$B$S$7EM$VFPi3$EXTD16$VFPS$VFMA$PE$A:L22UL41UL21$X:L11$S22US41US21$IEEE1$IW$USESV6$~STKCKD$USESV7$~SHL$OTIME$ROPI$IEEEX$EBA8$UX$STANDARDLIB$REQ8$PRES8$EABIv2 0x00000000   Number         0  anon$$obj.o ABSOLUTE
    __ARM_use_no_argv                        0x00000000   Number         0  main.o ABSOLUTE
    __Vectors                                0x00000000   Data           4  startup_msp432p401r_uvision.o(RESET)
    _printf_flags                            0x00000000   Number         0  printf_stubs.o ABSOLUTE
    _printf_return_value                     0x00000000   Number         0  printf_stubs.o ABSOLUTE
    _printf_sizespec                         0x00000000   Number         0  printf_stubs.o ABSOLUTE
    _printf_widthprec                        0x00000000   Number         0  printf_stubs.o ABSOLUTE
    __ARM_exceptions_init                     - Undefined Weak Reference
    __alloca_initialize                       - Undefined Weak Reference
    __arm_preinit_                            - Undefined Weak Reference
    __cpp_initialize__aeabi_                  - Undefined Weak Reference
    __cxa_finalize                            - Undefined Weak Reference
    __sigvec_lookup                           - Undefined Weak Reference
    _atexit_init                              - Undefined Weak Reference
    _call_atexit_fns                          - Undefined Weak Reference
    _clock_init                               - Undefined Weak Reference
    _fp_trap_init                             - Undefined Weak Reference
    _fp_trap_shutdown                         - Undefined Weak Reference
    _get_lc_collate                           - Undefined Weak Reference
    _get_lc_monetary                          - Undefined Weak Reference
    _get_lc_time                              - Undefined Weak Reference
    _getenv_init                              - Undefined Weak Reference
    _handle_redirection                       - Undefined Weak Reference
    _init_alloc                               - Undefined Weak Reference
    _init_user_alloc                          - Undefined Weak Reference
    _initio                                   - Undefined Weak Reference
    _mutex_acquire                            - Undefined Weak Reference
    _mutex_release                            - Undefined Weak Reference
    _printf_mbtowc                            - Undefined Weak Reference
    _printf_post_padding                      - Undefined Weak Reference
    _printf_pre_padding                       - Undefined Weak Reference
    _printf_truncate_signed                   - Undefined Weak Reference
    _printf_truncate_unsigned                 - Undefined Weak Reference
    _rand_init                                - Undefined Weak Reference
    _scanf_longlong                           - Undefined Weak Reference
    _scanf_mbtowc                             - Undefined Weak Reference
    _scanf_wctomb                             - Undefined Weak Reference
    _scanf_wstring                            - Undefined Weak Reference
    _signal_finish                            - Undefined Weak Reference
    _signal_init                              - Undefined Weak Reference
    _terminate_alloc                          - Undefined Weak Reference
    _terminate_user_alloc                     - Undefined Weak Reference
    _terminateio                              - Undefined Weak Reference
    __Vectors_End                            0x00000144   Data           0  startup_msp432p401r_uvision.o(RESET)
    __Vectors_Size                           0x00000144   Number         0  startup_msp432p401r_uvision.o ABSOLUTE
    __main                                   0x00000145   Thumb Code     8  __main.o(!!!main)
    __scatterload                            0x0000014d   Thumb Code     0  __scatter.o(!!!scatter)
    __scatterload_rt2                        0x0000014d   Thumb Code    44  __scatter.o(!!!scatter)
    __scatterload_rt2_thumb_only             0x0000014d   Thumb Code     0  __scatter.o(!!!scatter)
    __scatterload_null                       0x0000015b   Thumb Code     0  __scatter.o(!!!scatter)
    __scatterload_copy                       0x00000181   Thumb Code    26  __scatter_copy.o(!!handler_copy)
    __scatterload_zeroinit                   0x0000019d   Thumb Code    28  __scatter_zi.o(!!handler_zi)
    _printf_f                                0x000001b9   Thumb Code     0  _printf_f.o(.ARM.Collect$$_printf_percent$$00000003)
    _printf_percent                          0x000001b9   Thumb Code     0  _printf_percent.o(.ARM.Collect$$_printf_percent$$00000000)
    _printf_d                                0x000001bf   Thumb Code     0  _printf_d.o(.ARM.Collect$$_printf_percent$$00000009)
    _printf_s                                0x000001c5   Thumb Code     0  _printf_s.o(.ARM.Collect$$_printf_percent$$00000014)
    _printf_percent_end                      0x000001cb   Thumb Code     0  _printf_percent_end.o(.ARM.Collect$$_printf_percent$$00000017)
    __rt_lib_init                            0x000001cf   Thumb Code     0  libinit.o(.ARM.Collect$$libinit$$00000000)
    __rt_lib_init_fp_1                       0x000001d1   Thumb Code     0  libinit2.o(.ARM.Collect$$libinit$$00000001)
    __rt_lib_init_heap_1                     0x000001d5   Thumb Code     0  libinit2.o(.ARM.Collect$$libinit$$0000000A)
    __rt_lib_init_lc_common                  0x000001d5   Thumb Code     0  libinit2.o(.ARM.Collect$$libinit$$0000000F)
    __rt_lib_init_preinit_1                  0x000001d5   Thumb Code     0  libinit2.o(.ARM.Collect$$libinit$$00000004)
    __rt_lib_init_rand_1                     0x000001d5   Thumb Code     0  libinit2.o(.ARM.Collect$$libinit$$0000000E)
    __rt_lib_init_user_alloc_1               0x000001d5   Thumb Code     0  libinit2.o(.ARM.Collect$$libinit$$0000000C)
    __rt_lib_init_lc_collate_1               0x000001db   Thumb Code     0  libinit2.o(.ARM.Collect$$libinit$$00000011)
    __rt_lib_init_lc_ctype_2                 0x000001db   Thumb Code     0  libinit2.o(.ARM.Collect$$libinit$$00000012)
    __rt_lib_init_lc_ctype_1                 0x000001e7   Thumb Code     0  libinit2.o(.ARM.Collect$$libinit$$00000013)
    __rt_lib_init_lc_monetary_1              0x000001e7   Thumb Code     0  libinit2.o(.ARM.Collect$$libinit$$00000015)
    __rt_lib_init_lc_numeric_2               0x000001e7   Thumb Code     0  libinit2.o(.ARM.Collect$$libinit$$00000016)
    __rt_lib_init_alloca_1                   0x000001f1   Thumb Code     0  libinit2.o(.ARM.Collect$$libinit$$0000002E)
    __rt_lib_init_argv_1                     0x000001f1   Thumb Code     0  libinit2.o(.ARM.Collect$$libinit$$0000002C)
    __rt_lib_init_atexit_1                   0x000001f1   Thumb Code     0  libinit2.o(.ARM.Collect$$libinit$$0000001B)
    __rt_lib_init_clock_1                    0x000001f1   Thumb Code     0  libinit2.o(.ARM.Collect$$libinit$$00000021)
    __rt_lib_init_cpp_1                      0x000001f1   Thumb Code     0  libinit2.o(.ARM.Collect$$libinit$$00000032)
    __rt_lib_init_exceptions_1               0x000001f1   Thumb Code     0  libinit2.o(.ARM.Collect$$libinit$$00000030)
    __rt_lib_init_fp_trap_1                  0x000001f1   Thumb Code     0  libinit2.o(.ARM.Collect$$libinit$$0000001F)
    __rt_lib_init_getenv_1                   0x000001f1   Thumb Code     0  libinit2.o(.ARM.Collect$$libinit$$00000023)
    __rt_lib_init_lc_numeric_1               0x000001f1   Thumb Code     0  libinit2.o(.ARM.Collect$$libinit$$00000017)
    __rt_lib_init_lc_time_1                  0x000001f1   Thumb Code     0  libinit2.o(.ARM.Collect$$libinit$$00000019)
    __rt_lib_init_return                     0x000001f1   Thumb Code     0  libinit2.o(.ARM.Collect$$libinit$$00000033)
    __rt_lib_init_signal_1                   0x000001f1   Thumb Code     0  libinit2.o(.ARM.Collect$$libinit$$0000001D)
    __rt_lib_init_stdio_1                    0x000001f1   Thumb Code     0  libinit2.o(.ARM.Collect$$libinit$$00000025)
    __rt_lib_shutdown                        0x000001f3   Thumb Code     0  libshutdown.o(.ARM.Collect$$libshutdown$$00000000)
    __rt_lib_shutdown_cpp_1                  0x000001f5   Thumb Code     0  libshutdown2.o(.ARM.Collect$$libshutdown$$00000002)
    __rt_lib_shutdown_fp_trap_1              0x000001f5   Thumb Code     0  libshutdown2.o(.ARM.Collect$$libshutdown$$00000007)
    __rt_lib_shutdown_heap_1                 0x000001f5   Thumb Code     0  libshutdown2.o(.ARM.Collect$$libshutdown$$0000000F)
    __rt_lib_shutdown_return                 0x000001f5   Thumb Code     0  libshutdown2.o(.ARM.Collect$$libshutdown$$00000010)
    __rt_lib_shutdown_signal_1               0x000001f5   Thumb Code     0  libshutdown2.o(.ARM.Collect$$libshutdown$$0000000A)
    __rt_lib_shutdown_stdio_1                0x000001f5   Thumb Code     0  libshutdown2.o(.ARM.Collect$$libshutdown$$00000004)
    __rt_lib_shutdown_user_alloc_1           0x000001f5   Thumb Code     0  libshutdown2.o(.ARM.Collect$$libshutdown$$0000000C)
    __rt_entry                               0x000001f7   Thumb Code     0  __rtentry.o(.ARM.Collect$$rtentry$$00000000)
    __rt_entry_presh_1                       0x000001f7   Thumb Code     0  __rtentry2.o(.ARM.Collect$$rtentry$$00000002)
    __rt_entry_sh                            0x000001f7   Thumb Code     0  __rtentry4.o(.ARM.Collect$$rtentry$$00000004)
    __rt_entry_li                            0x000001fd   Thumb Code     0  __rtentry2.o(.ARM.Collect$$rtentry$$0000000A)
    __rt_entry_postsh_1                      0x000001fd   Thumb Code     0  __rtentry2.o(.ARM.Collect$$rtentry$$00000009)
    __rt_entry_main                          0x00000201   Thumb Code     0  __rtentry2.o(.ARM.Collect$$rtentry$$0000000D)
    __rt_entry_postli_1                      0x00000201   Thumb Code     0  __rtentry2.o(.ARM.Collect$$rtentry$$0000000C)
    __rt_exit                                0x00000209   Thumb Code     0  rtexit.o(.ARM.Collect$$rtexit$$00000000)
    __rt_exit_ls                             0x0000020b   Thumb Code     0  rtexit2.o(.ARM.Collect$$rtexit$$00000003)
    __rt_exit_prels_1                        0x0000020b   Thumb Code     0  rtexit2.o(.ARM.Collect$$rtexit$$00000002)
    __rt_exit_exit                           0x0000020f   Thumb Code     0  rtexit2.o(.ARM.Collect$$rtexit$$00000004)
    Reset_Handler                            0x00000215   Thumb Code     8  startup_msp432p401r_uvision.o(.text)
    NMI_Handler                              0x0000021d   Thumb Code     2  startup_msp432p401r_uvision.o(.text)
    HardFault_Handler                        0x0000021f   Thumb Code     2  startup_msp432p401r_uvision.o(.text)
    MemManage_Handler                        0x00000221   Thumb Code     2  startup_msp432p401r_uvision.o(.text)
    BusFault_Handler                         0x00000223   Thumb Code     2  startup_msp432p401r_uvision.o(.text)
    UsageFault_Handler                       0x00000225   Thumb Code     2  startup_msp432p401r_uvision.o(.text)
    SVC_Handler                              0x00000227   Thumb Code     2  startup_msp432p401r_uvision.o(.text)
    DebugMon_Handler                         0x00000229   Thumb Code     2  startup_msp432p401r_uvision.o(.text)
    PendSV_Handler                           0x0000022b   Thumb Code     2  startup_msp432p401r_uvision.o(.text)
    SysTick_Handler                          0x0000022d   Thumb Code     2  startup_msp432p401r_uvision.o(.text)
    ADC14_IRQHandler                         0x0000022f   Thumb Code     0  startup_msp432p401r_uvision.o(.text)
    AES256_IRQHandler                        0x0000022f   Thumb Code     0  startup_msp432p401r_uvision.o(.text)
    COMP_E0_IRQHandler                       0x0000022f   Thumb Code     0  startup_msp432p401r_uvision.o(.text)
    COMP_E1_IRQHandler                       0x0000022f   Thumb Code     0  startup_msp432p401r_uvision.o(.text)
    CS_IRQHandler                            0x0000022f   Thumb Code     0  startup_msp432p401r_uvision.o(.text)
    DMA_ERR_IRQHandler                       0x0000022f   Thumb Code     0  startup_msp432p401r_uvision.o(.text)
    DMA_INT0_IRQHandler                      0x0000022f   Thumb Code     0  startup_msp432p401r_uvision.o(.text)
    DMA_INT1_IRQHandler                      0x0000022f   Thumb Code     0  startup_msp432p401r_uvision.o(.text)
    DMA_INT2_IRQHandler                      0x0000022f   Thumb Code     0  startup_msp432p401r_uvision.o(.text)
    DMA_INT3_IRQHandler                      0x0000022f   Thumb Code     0  startup_msp432p401r_uvision.o(.text)
    EUSCIA0_IRQHandler                       0x0000022f   Thumb Code     0  startup_msp432p401r_uvision.o(.text)
    EUSCIA1_IRQHandler                       0x0000022f   Thumb Code     0  startup_msp432p401r_uvision.o(.text)
    EUSCIA2_IRQHandler                       0x0000022f   Thumb Code     0  startup_msp432p401r_uvision.o(.text)
    EUSCIA3_IRQHandler                       0x0000022f   Thumb Code     0  startup_msp432p401r_uvision.o(.text)
    EUSCIB0_IRQHandler                       0x0000022f   Thumb Code     0  startup_msp432p401r_uvision.o(.text)
    EUSCIB1_IRQHandler                       0x0000022f   Thumb Code     0  startup_msp432p401r_uvision.o(.text)
    EUSCIB2_IRQHandler                       0x0000022f   Thumb Code     0  startup_msp432p401r_uvision.o(.text)
    EUSCIB3_IRQHandler                       0x0000022f   Thumb Code     0  startup_msp432p401r_uvision.o(.text)
    FLCTL_IRQHandler                         0x0000022f   Thumb Code     0  startup_msp432p401r_uvision.o(.text)
    FPU_IRQHandler                           0x0000022f   Thumb Code     0  startup_msp432p401r_uvision.o(.text)
    PCM_IRQHandler                           0x0000022f   Thumb Code     0  startup_msp432p401r_uvision.o(.text)
    PORT1_IRQHandler                         0x0000022f   Thumb Code     0  startup_msp432p401r_uvision.o(.text)
    PORT2_IRQHandler                         0x0000022f   Thumb Code     0  startup_msp432p401r_uvision.o(.text)
    PORT3_IRQHandler                         0x0000022f   Thumb Code     0  startup_msp432p401r_uvision.o(.text)
    PORT4_IRQHandler                         0x0000022f   Thumb Code     0  startup_msp432p401r_uvision.o(.text)
    PORT5_IRQHandler                         0x0000022f   Thumb Code     0  startup_msp432p401r_uvision.o(.text)
    PORT6_IRQHandler                         0x0000022f   Thumb Code     0  startup_msp432p401r_uvision.o(.text)
    PSS_IRQHandler                           0x0000022f   Thumb Code     0  startup_msp432p401r_uvision.o(.text)
    RTC_C_IRQHandler                         0x0000022f   Thumb Code     0  startup_msp432p401r_uvision.o(.text)
    T32_INT1_IRQHandler                      0x0000022f   Thumb Code     0  startup_msp432p401r_uvision.o(.text)
    T32_INT2_IRQHandler                      0x0000022f   Thumb Code     0  startup_msp432p401r_uvision.o(.text)
    T32_INTC_IRQHandler                      0x0000022f   Thumb Code     0  startup_msp432p401r_uvision.o(.text)
    TA0_0_IRQHandler                         0x0000022f   Thumb Code     0  startup_msp432p401r_uvision.o(.text)
    TA0_N_IRQHandler                         0x0000022f   Thumb Code     0  startup_msp432p401r_uvision.o(.text)
    TA1_0_IRQHandler                         0x0000022f   Thumb Code     0  startup_msp432p401r_uvision.o(.text)
    TA1_N_IRQHandler                         0x0000022f   Thumb Code     0  startup_msp432p401r_uvision.o(.text)
    TA2_0_IRQHandler                         0x0000022f   Thumb Code     0  startup_msp432p401r_uvision.o(.text)
    TA2_N_IRQHandler                         0x0000022f   Thumb Code     0  startup_msp432p401r_uvision.o(.text)
    TA3_0_IRQHandler                         0x0000022f   Thumb Code     0  startup_msp432p401r_uvision.o(.text)
    TA3_N_IRQHandler                         0x0000022f   Thumb Code     0  startup_msp432p401r_uvision.o(.text)
    WDT_A_IRQHandler                         0x0000022f   Thumb Code     0  startup_msp432p401r_uvision.o(.text)
    __user_initial_stackheap                 0x00000231   Thumb Code    10  startup_msp432p401r_uvision.o(.text)
    __rt_ctype_table                         0x00000251   Thumb Code    16  rt_ctype_table.o(.text)
    tolower                                  0x00000261   Thumb Code    26  tolower.o(.text)
    toupper                                  0x0000027b   Thumb Code    30  toupper.o(.text)
    __2printf                                0x00000299   Thumb Code    20  noretval__2printf.o(.text)
    _printf_str                              0x000002b1   Thumb Code    82  _printf_str.o(.text)
    _printf_int_dec                          0x00000305   Thumb Code   104  _printf_dec.o(.text)
    __printf                                 0x0000037d   Thumb Code   270  __printf_wp.o(.text)
    __0scanf                                 0x0000048d   Thumb Code    26  __0scanf.o(.text)
    _scanf_int                               0x000004ad   Thumb Code   332  _scanf_int.o(.text)
    _scanf_string                            0x000005f9   Thumb Code   224  _scanf_str.o(.text)
    strlen                                   0x000006d9   Thumb Code    62  strlen.o(.text)
    __use_two_region_memory                  0x00000717   Thumb Code     2  heapauxi.o(.text)
    __rt_heap_escrow$2region                 0x00000719   Thumb Code     2  heapauxi.o(.text)
    __rt_heap_expand$2region                 0x0000071b   Thumb Code     2  heapauxi.o(.text)
    __rt_locale                              0x0000071d   Thumb Code     8  rt_locale_intlibspace.o(.text)
    __read_errno                             0x00000725   Thumb Code    10  _rserrno.o(.text)
    __set_errno                              0x0000072f   Thumb Code    12  _rserrno.o(.text)
    _printf_int_common                       0x0000073b   Thumb Code   178  _printf_intcommon.o(.text)
    __lib_sel_fp_printf                      0x000007ed   Thumb Code     2  _printf_fp_dec.o(.text)
    _printf_fp_dec_real                      0x0000099f   Thumb Code   620  _printf_fp_dec.o(.text)
    _printf_cs_common                        0x00000c0b   Thumb Code    20  _printf_char.o(.text)
    _printf_char                             0x00000c1f   Thumb Code    16  _printf_char.o(.text)
    _printf_string                           0x00000c2f   Thumb Code     8  _printf_char.o(.text)
    _printf_char_file                        0x00000c39   Thumb Code    32  _printf_char_file.o(.text)
    _chval                                   0x00000c5d   Thumb Code    28  _chval.o(.text)
    _scanf_really_real                       0x00000ec5   Thumb Code   684  scanf_fp.o(.text)
    __vfscanf_char_file                      0x00001171   Thumb Code    16  scanf_char_file.o(.text)
    __user_libspace                          0x00001189   Thumb Code     8  libspace.o(.text)
    __user_perproc_libspace                  0x00001189   Thumb Code     0  libspace.o(.text)
    __user_perthread_libspace                0x00001189   Thumb Code     0  libspace.o(.text)
    __aeabi_errno_addr                       0x00001191   Thumb Code     8  rt_errno_addr_intlibspace.o(.text)
    __errno$intlibspace                      0x00001191   Thumb Code     0  rt_errno_addr_intlibspace.o(.text)
    __rt_errno_addr$intlibspace              0x00001191   Thumb Code     0  rt_errno_addr_intlibspace.o(.text)
    _ll_udiv10                               0x00001199   Thumb Code   138  lludiv10.o(.text)
    _printf_char_common                      0x0000122f   Thumb Code    32  _printf_char_common.o(.text)
    _printf_fp_infnan                        0x00001255   Thumb Code   112  _printf_fp_infnan.o(.text)
    __vfscanf_char                           0x000012e1   Thumb Code    24  scanf_char.o(.text)
    _btod_etento                             0x00001301   Thumb Code   224  bigflt0.o(.text)
    ___backspace$unlocked                    0x000013e5   Thumb Code     2  backspace.o(.text)
    __backspace                              0x000013e7   Thumb Code    70  backspace.o(.text)
    ferror                                   0x0000142d   Thumb Code     8  ferror.o(.text)
    strcmp                                   0x00001435   Thumb Code   128  strcmpv7m.o(.text)
    __user_setup_stackheap                   0x000014b5   Thumb Code    74  sys_stackheap_outer.o(.text)
    isspace                                  0x000014ff   Thumb Code    18  isspace.o(.text)
    __vfscanf                                0x00001511   Thumb Code   878  _scanf.o(.text)
    _scanf_really_hex_real                   0x00001885   Thumb Code   786  scanf_hexfp.o(.text)
    _scanf_really_infnan                     0x00001ba5   Thumb Code   292  scanf_infnan.o(.text)
    _ungetc_internal                         0x00001cd9   Thumb Code    60  ungetc.o(.text)
    ungetc                                   0x00001cd9   Thumb Code     0  ungetc.o(.text)
    exit                                     0x00001d21   Thumb Code    18  exit.o(.text)
    __aeabi_llsl                             0x00001d33   Thumb Code     0  llshl.o(.text)
    _ll_shift_l                              0x00001d33   Thumb Code    38  llshl.o(.text)
    _sys_exit                                0x00001d59   Thumb Code     8  sys_exit.o(.text)
    __I$use$semihosting                      0x00001d65   Thumb Code     0  use_no_semi.o(.text)
    __use_no_semihosting_swi                 0x00001d65   Thumb Code     2  use_no_semi.o(.text)
    __semihosting_library_function           0x00001d67   Thumb Code     0  indicate_semi.o(.text)
    _btod_d2e                                0x00001d67   Thumb Code    62  btod.o(CL$$btod_d2e)
    _d2e_denorm_low                          0x00001da5   Thumb Code    70  btod.o(CL$$btod_d2e_denorm_low)
    _d2e_norm_op1                            0x00001deb   Thumb Code    96  btod.o(CL$$btod_d2e_norm_op1)
    __btod_div_common                        0x00001e4b   Thumb Code   696  btod.o(CL$$btod_div_common)
    _e2d                                     0x00002185   Thumb Code   122  btod.o(CL$$btod_e2d)
    _e2e                                     0x00002209   Thumb Code   220  btod.o(CL$$btod_e2e)
    _btod_ediv                               0x000022e5   Thumb Code    42  btod.o(CL$$btod_ediv)
    _btod_edivd                              0x0000230f   Thumb Code    42  btod.o(CL$$btod_edivd)
    _btod_emul                               0x00002339   Thumb Code    42  btod.o(CL$$btod_emul)
    _btod_emuld                              0x00002363   Thumb Code    42  btod.o(CL$$btod_emuld)
    __btod_mult_common                       0x0000238d   Thumb Code   580  btod.o(CL$$btod_mult_common)
    Menu1                                    0x000025d1   Thumb Code    22  main.o(i.Menu1)
    Menu2                                    0x000025f1   Thumb Code    20  main.o(i.Menu2)
    OutputInit                               0x00002635   Thumb Code    62  redirectprintf.o(i.OutputInit)
    ReadInput                                0x0000267d   Thumb Code    22  redirectprintf.o(i.ReadInput)
    SendOutput                               0x00002699   Thumb Code    20  redirectprintf.o(i.SendOutput)
    SystemInit                               0x000026b1   Thumb Code    86  system_msp432p401r.o(i.SystemInit)
    __ARM_fpclassify                         0x0000271d   Thumb Code    48  fpclassify.o(i.__ARM_fpclassify)
    __hardfp___mathlib_tofloat               0x00002751   Thumb Code   232  narrow.o(i.__hardfp___mathlib_tofloat)
    __hardfp_ldexp                           0x00002849   Thumb Code   200  ldexp.o(i.__hardfp_ldexp)
    __hardfp_pow                             0x00002919   Thumb Code  3072  pow.o(i.__hardfp_pow)
    __kernel_poly                            0x00003569   Thumb Code   248  poly.o(i.__kernel_poly)
    __mathlib_dbl_divzero                    0x00003661   Thumb Code    28  dunder.o(i.__mathlib_dbl_divzero)
    __mathlib_dbl_infnan2                    0x00003691   Thumb Code    20  dunder.o(i.__mathlib_dbl_infnan2)
    __mathlib_dbl_invalid                    0x000036a9   Thumb Code    24  dunder.o(i.__mathlib_dbl_invalid)
    __mathlib_dbl_overflow                   0x000036c9   Thumb Code    24  dunder.o(i.__mathlib_dbl_overflow)
    __mathlib_dbl_underflow                  0x000036e9   Thumb Code    24  dunder.o(i.__mathlib_dbl_underflow)
    __mathlib_narrow                         0x00003709   Thumb Code    18  narrow.o(i.__mathlib_narrow)
    __support_ldexp                          0x0000371b   Thumb Code    20  ldexp.o(i.__support_ldexp)
    _is_digit                                0x0000372f   Thumb Code    14  __printf_wp.o(i._is_digit)
    calVolume                                0x0000373d   Thumb Code   206  main.o(i.calVolume)
    fabs                                     0x0000387d   Thumb Code    24  fabs.o(i.fabs)
    fgetc                                    0x00003895   Thumb Code    32  redirectprintf.o(i.fgetc)
    fputc                                    0x000038b5   Thumb Code    14  redirectprintf.o(i.fputc)
    frexp                                    0x000038c9   Thumb Code   118  frexp.o(i.frexp)
    main                                     0x00003955   Thumb Code    70  main.o(i.main)
    modString                                0x000039d5   Thumb Code   178  main.o(i.modString)
    sqrt                                     0x00003afd   Thumb Code   110  sqrt.o(i.sqrt)
    _get_lc_ctype                            0x00003b6d   Thumb Code    44  lc_ctype_c.o(locale$$code)
    _get_lc_numeric                          0x00003b99   Thumb Code    44  lc_numeric_c.o(locale$$code)
    __aeabi_dneg                             0x00003bc5   Thumb Code     0  basic.o(x$fpl$basic)
    _dneg                                    0x00003bc5   Thumb Code     6  basic.o(x$fpl$basic)
    __aeabi_fneg                             0x00003bcb   Thumb Code     0  basic.o(x$fpl$basic)
    _fneg                                    0x00003bcb   Thumb Code     6  basic.o(x$fpl$basic)
    _dabs                                    0x00003bd1   Thumb Code     6  basic.o(x$fpl$basic)
    _fabs                                    0x00003bd7   Thumb Code     6  basic.o(x$fpl$basic)
    __aeabi_d2f                              0x00003bdd   Thumb Code     0  d2f.o(x$fpl$d2f)
    _d2f                                     0x00003bdd   Thumb Code    98  d2f.o(x$fpl$d2f)
    __aeabi_dadd                             0x00003c41   Thumb Code     0  daddsub_clz.o(x$fpl$dadd)
    _dadd                                    0x00003c41   Thumb Code   332  daddsub_clz.o(x$fpl$dadd)
    __fpl_dcheck_NaN1                        0x00003d91   Thumb Code    10  dcheck1.o(x$fpl$dcheck1)
    __fpl_dcmp_Inf                           0x00003da1   Thumb Code    24  dcmpi.o(x$fpl$dcmpinf)
    __aeabi_ddiv                             0x00003db9   Thumb Code     0  ddiv.o(x$fpl$ddiv)
    _ddiv                                    0x00003db9   Thumb Code   552  ddiv.o(x$fpl$ddiv)
    __aeabi_cdcmpeq                          0x00004069   Thumb Code     0  deqf.o(x$fpl$deqf)
    _dcmpeq                                  0x00004069   Thumb Code   120  deqf.o(x$fpl$deqf)
    __aeabi_i2d                              0x000040e1   Thumb Code     0  dflt_clz.o(x$fpl$dflt)
    _dflt                                    0x000040e1   Thumb Code    46  dflt_clz.o(x$fpl$dflt)
    __aeabi_cdcmple                          0x00004111   Thumb Code     0  dleqf.o(x$fpl$dleqf)
    _dcmple                                  0x00004111   Thumb Code   120  dleqf.o(x$fpl$dleqf)
    __fpl_dcmple_InfNaN                      0x00004173   Thumb Code     0  dleqf.o(x$fpl$dleqf)
    __aeabi_dmul                             0x00004189   Thumb Code     0  dmul.o(x$fpl$dmul)
    _dmul                                    0x00004189   Thumb Code   332  dmul.o(x$fpl$dmul)
    __fpl_dnaninf                            0x000042dd   Thumb Code   156  dnaninf.o(x$fpl$dnaninf)
    __fpl_dretinf                            0x00004379   Thumb Code    12  dretinf.o(x$fpl$dretinf)
    __aeabi_cdrcmple                         0x00004385   Thumb Code     0  drleqf.o(x$fpl$drleqf)
    _drcmple                                 0x00004385   Thumb Code   108  drleqf.o(x$fpl$drleqf)
    __aeabi_drsub                            0x000043f1   Thumb Code     0  daddsub_clz.o(x$fpl$drsb)
    _drsb                                    0x000043f1   Thumb Code    22  daddsub_clz.o(x$fpl$drsb)
    _dsqrt                                   0x00004409   Thumb Code   404  dsqrt_umaal.o(x$fpl$dsqrt)
    __aeabi_dsub                             0x000045a1   Thumb Code     0  daddsub_clz.o(x$fpl$dsub)
    _dsub                                    0x000045a1   Thumb Code   464  daddsub_clz.o(x$fpl$dsub)
    __aeabi_f2d                              0x00004775   Thumb Code     0  f2d.o(x$fpl$f2d)
    _f2d                                     0x00004775   Thumb Code    86  f2d.o(x$fpl$f2d)
    __fpl_fnaninf                            0x000047cb   Thumb Code   140  fnaninf.o(x$fpl$fnaninf)
    _fp_init                                 0x00004857   Thumb Code    10  fpinit.o(x$fpl$fpinit)
    __fplib_config_fpu_vfp                   0x0000485f   Thumb Code     0  fpinit.o(x$fpl$fpinit)
    __fplib_config_pureend_doubles           0x0000485f   Thumb Code     0  fpinit.o(x$fpl$fpinit)
    __fpl_fretinf                            0x00004861   Thumb Code    10  fretinf.o(x$fpl$fretinf)
    __ieee_status                            0x0000486b   Thumb Code     6  istatus.o(x$fpl$ieeestatus)
    _printf_fp_dec                           0x00004871   Thumb Code     4  printf1.o(x$fpl$printf1)
    __fpl_return_NaN                         0x00004875   Thumb Code   100  retnan.o(x$fpl$retnan)
    __ARM_scalbn                             0x000048d9   Thumb Code    92  scalbn.o(x$fpl$scalbn)
    _scanf_real                              0x00004935   Thumb Code     4  scanf1.o(x$fpl$scanf1)
    _scanf_hex_real                          0x00004939   Thumb Code     4  scanf2.o(x$fpl$scanf2)
    _scanf_infnan                            0x0000493d   Thumb Code     4  scanf2.o(x$fpl$scanf2)
    __fpl_cmpreturn                          0x00004941   Thumb Code    48  trapv.o(x$fpl$trapveneer)
    __I$use$fp                               0x00004970   Number         0  usenofp.o(x$fpl$usenofp)
    __mathlib_zero                           0x000049f8   Data           8  qnan.o(.constdata)
    Region$$Table$$Base                      0x00004af4   Number         0  anon$$obj.o(Region$$Table)
    Region$$Table$$Limit                     0x00004b14   Number         0  anon$$obj.o(Region$$Table)
    __aeabi_HUGE_VAL                         0x00004b14   Data           0  fpconst.o(c$$dinf)
    __aeabi_HUGE_VALL                        0x00004b14   Data           0  fpconst.o(c$$dinf)
    __aeabi_INFINITY                         0x00004b14   Data           0  fpconst.o(c$$dinf)
    __dInf                                   0x00004b14   Data           0  fpconst.o(c$$dinf)
    __huge_val                               0x00004b14   Data           0  fpconst.o(c$$dinf)
    __dbl_max                                0x00004b1c   Data           0  fpconst.o(c$$dmax)
    __ctype                                  0x00004b31   Data           0  lc_ctype_c.o(locale$$data)
    __stdin                                  0x20000000   Data           4  redirectprintf.o(.data)
    __stdout                                 0x20000004   Data           4  redirectprintf.o(.data)
    __stderr                                 0x20000008   Data           4  redirectprintf.o(.data)
    __libspace_start                         0x2000000c   Data          96  libspace.o(.bss)
    __temporary_stack_top$libspace           0x2000006c   Data           0  libspace.o(.bss)



==============================================================================

Memory Map of the image

  Image Entry point : 0x00000215

  Load Region LR_1 (Base: 0x00000000, Size: 0x00004c5c, Max: 0xffffffff, ABSOLUTE)

    Execution Region ER_RO (Exec base: 0x00000000, Load base: 0x00000000, Size: 0x00004c50, Max: 0xffffffff, ABSOLUTE)

    Exec Addr    Load Addr    Size         Type   Attr      Idx    E Section Name        Object

    0x00000000   0x00000000   0x00000144   Data   RO          156    RESET               startup_msp432p401r_uvision.o
    0x00000144   0x00000144   0x00000008   Code   RO          249  * !!!main             c_w.l(__main.o)
    0x0000014c   0x0000014c   0x00000034   Code   RO          644    !!!scatter          c_w.l(__scatter.o)
    0x00000180   0x00000180   0x0000001a   Code   RO          646    !!handler_copy      c_w.l(__scatter_copy.o)
    0x0000019a   0x0000019a   0x00000002   PAD
    0x0000019c   0x0000019c   0x0000001c   Code   RO          648    !!handler_zi        c_w.l(__scatter_zi.o)
    0x000001b8   0x000001b8   0x00000000   Code   RO          238    .ARM.Collect$$_printf_percent$$00000000  c_w.l(_printf_percent.o)
    0x000001b8   0x000001b8   0x00000006   Code   RO          237    .ARM.Collect$$_printf_percent$$00000003  c_w.l(_printf_f.o)
    0x000001be   0x000001be   0x00000006   Code   RO          236    .ARM.Collect$$_printf_percent$$00000009  c_w.l(_printf_d.o)
    0x000001c4   0x000001c4   0x00000006   Code   RO          235    .ARM.Collect$$_printf_percent$$00000014  c_w.l(_printf_s.o)
    0x000001ca   0x000001ca   0x00000004   Code   RO          291    .ARM.Collect$$_printf_percent$$00000017  c_w.l(_printf_percent_end.o)
    0x000001ce   0x000001ce   0x00000002   Code   RO          532    .ARM.Collect$$libinit$$00000000  c_w.l(libinit.o)
    0x000001d0   0x000001d0   0x00000004   Code   RO          438    .ARM.Collect$$libinit$$00000001  c_w.l(libinit2.o)
    0x000001d4   0x000001d4   0x00000000   Code   RO          441    .ARM.Collect$$libinit$$00000004  c_w.l(libinit2.o)
    0x000001d4   0x000001d4   0x00000000   Code   RO          444    .ARM.Collect$$libinit$$0000000A  c_w.l(libinit2.o)
    0x000001d4   0x000001d4   0x00000000   Code   RO          446    .ARM.Collect$$libinit$$0000000C  c_w.l(libinit2.o)
    0x000001d4   0x000001d4   0x00000000   Code   RO          448    .ARM.Collect$$libinit$$0000000E  c_w.l(libinit2.o)
    0x000001d4   0x000001d4   0x00000006   Code   RO          449    .ARM.Collect$$libinit$$0000000F  c_w.l(libinit2.o)
    0x000001da   0x000001da   0x00000000   Code   RO          451    .ARM.Collect$$libinit$$00000011  c_w.l(libinit2.o)
    0x000001da   0x000001da   0x0000000c   Code   RO          452    .ARM.Collect$$libinit$$00000012  c_w.l(libinit2.o)
    0x000001e6   0x000001e6   0x00000000   Code   RO          453    .ARM.Collect$$libinit$$00000013  c_w.l(libinit2.o)
    0x000001e6   0x000001e6   0x00000000   Code   RO          455    .ARM.Collect$$libinit$$00000015  c_w.l(libinit2.o)
    0x000001e6   0x000001e6   0x0000000a   Code   RO          456    .ARM.Collect$$libinit$$00000016  c_w.l(libinit2.o)
    0x000001f0   0x000001f0   0x00000000   Code   RO          457    .ARM.Collect$$libinit$$00000017  c_w.l(libinit2.o)
    0x000001f0   0x000001f0   0x00000000   Code   RO          459    .ARM.Collect$$libinit$$00000019  c_w.l(libinit2.o)
    0x000001f0   0x000001f0   0x00000000   Code   RO          461    .ARM.Collect$$libinit$$0000001B  c_w.l(libinit2.o)
    0x000001f0   0x000001f0   0x00000000   Code   RO          463    .ARM.Collect$$libinit$$0000001D  c_w.l(libinit2.o)
    0x000001f0   0x000001f0   0x00000000   Code   RO          465    .ARM.Collect$$libinit$$0000001F  c_w.l(libinit2.o)
    0x000001f0   0x000001f0   0x00000000   Code   RO          467    .ARM.Collect$$libinit$$00000021  c_w.l(libinit2.o)
    0x000001f0   0x000001f0   0x00000000   Code   RO          469    .ARM.Collect$$libinit$$00000023  c_w.l(libinit2.o)
    0x000001f0   0x000001f0   0x00000000   Code   RO          471    .ARM.Collect$$libinit$$00000025  c_w.l(libinit2.o)
    0x000001f0   0x000001f0   0x00000000   Code   RO          475    .ARM.Collect$$libinit$$0000002C  c_w.l(libinit2.o)
    0x000001f0   0x000001f0   0x00000000   Code   RO          477    .ARM.Collect$$libinit$$0000002E  c_w.l(libinit2.o)
    0x000001f0   0x000001f0   0x00000000   Code   RO          479    .ARM.Collect$$libinit$$00000030  c_w.l(libinit2.o)
    0x000001f0   0x000001f0   0x00000000   Code   RO          481    .ARM.Collect$$libinit$$00000032  c_w.l(libinit2.o)
    0x000001f0   0x000001f0   0x00000002   Code   RO          482    .ARM.Collect$$libinit$$00000033  c_w.l(libinit2.o)
    0x000001f2   0x000001f2   0x00000002   Code   RO          601    .ARM.Collect$$libshutdown$$00000000  c_w.l(libshutdown.o)
    0x000001f4   0x000001f4   0x00000000   Code   RO          607    .ARM.Collect$$libshutdown$$00000002  c_w.l(libshutdown2.o)
    0x000001f4   0x000001f4   0x00000000   Code   RO          609    .ARM.Collect$$libshutdown$$00000004  c_w.l(libshutdown2.o)
    0x000001f4   0x000001f4   0x00000000   Code   RO          612    .ARM.Collect$$libshutdown$$00000007  c_w.l(libshutdown2.o)
    0x000001f4   0x000001f4   0x00000000   Code   RO          615    .ARM.Collect$$libshutdown$$0000000A  c_w.l(libshutdown2.o)
    0x000001f4   0x000001f4   0x00000000   Code   RO          617    .ARM.Collect$$libshutdown$$0000000C  c_w.l(libshutdown2.o)
    0x000001f4   0x000001f4   0x00000000   Code   RO          620    .ARM.Collect$$libshutdown$$0000000F  c_w.l(libshutdown2.o)
    0x000001f4   0x000001f4   0x00000002   Code   RO          621    .ARM.Collect$$libshutdown$$00000010  c_w.l(libshutdown2.o)
    0x000001f6   0x000001f6   0x00000000   Code   RO          275    .ARM.Collect$$rtentry$$00000000  c_w.l(__rtentry.o)
    0x000001f6   0x000001f6   0x00000000   Code   RO          373    .ARM.Collect$$rtentry$$00000002  c_w.l(__rtentry2.o)
    0x000001f6   0x000001f6   0x00000006   Code   RO          385    .ARM.Collect$$rtentry$$00000004  c_w.l(__rtentry4.o)
    0x000001fc   0x000001fc   0x00000000   Code   RO          375    .ARM.Collect$$rtentry$$00000009  c_w.l(__rtentry2.o)
    0x000001fc   0x000001fc   0x00000004   Code   RO          376    .ARM.Collect$$rtentry$$0000000A  c_w.l(__rtentry2.o)
    0x00000200   0x00000200   0x00000000   Code   RO          378    .ARM.Collect$$rtentry$$0000000C  c_w.l(__rtentry2.o)
    0x00000200   0x00000200   0x00000008   Code   RO          379    .ARM.Collect$$rtentry$$0000000D  c_w.l(__rtentry2.o)
    0x00000208   0x00000208   0x00000002   Code   RO          547    .ARM.Collect$$rtexit$$00000000  c_w.l(rtexit.o)
    0x0000020a   0x0000020a   0x00000000   Code   RO          576    .ARM.Collect$$rtexit$$00000002  c_w.l(rtexit2.o)
    0x0000020a   0x0000020a   0x00000004   Code   RO          577    .ARM.Collect$$rtexit$$00000003  c_w.l(rtexit2.o)
    0x0000020e   0x0000020e   0x00000006   Code   RO          578    .ARM.Collect$$rtexit$$00000004  c_w.l(rtexit2.o)
    0x00000214   0x00000214   0x0000003c   Code   RO          157  * .text               startup_msp432p401r_uvision.o
    0x00000250   0x00000250   0x00000010   Code   RO          199    .text               c_w.l(rt_ctype_table.o)
    0x00000260   0x00000260   0x0000001a   Code   RO          201    .text               c_w.l(tolower.o)
    0x0000027a   0x0000027a   0x0000001e   Code   RO          203    .text               c_w.l(toupper.o)
    0x00000298   0x00000298   0x00000018   Code   RO          207    .text               c_w.l(noretval__2printf.o)
    0x000002b0   0x000002b0   0x00000052   Code   RO          211    .text               c_w.l(_printf_str.o)
    0x00000302   0x00000302   0x00000002   PAD
    0x00000304   0x00000304   0x00000078   Code   RO          213    .text               c_w.l(_printf_dec.o)
    0x0000037c   0x0000037c   0x0000010e   Code   RO          223    .text               c_w.l(__printf_wp.o)
    0x0000048a   0x0000048a   0x00000002   PAD
    0x0000048c   0x0000048c   0x00000020   Code   RO          239    .text               c_w.l(__0scanf.o)
    0x000004ac   0x000004ac   0x0000014c   Code   RO          241    .text               c_w.l(_scanf_int.o)
    0x000005f8   0x000005f8   0x000000e0   Code   RO          243    .text               c_w.l(_scanf_str.o)
    0x000006d8   0x000006d8   0x0000003e   Code   RO          245    .text               c_w.l(strlen.o)
    0x00000716   0x00000716   0x00000006   Code   RO          247    .text               c_w.l(heapauxi.o)
    0x0000071c   0x0000071c   0x00000008   Code   RO          279    .text               c_w.l(rt_locale_intlibspace.o)
    0x00000724   0x00000724   0x00000016   Code   RO          281    .text               c_w.l(_rserrno.o)
    0x0000073a   0x0000073a   0x000000b2   Code   RO          283    .text               c_w.l(_printf_intcommon.o)
    0x000007ec   0x000007ec   0x0000041e   Code   RO          285    .text               c_w.l(_printf_fp_dec.o)
    0x00000c0a   0x00000c0a   0x0000002c   Code   RO          287    .text               c_w.l(_printf_char.o)
    0x00000c36   0x00000c36   0x00000002   PAD
    0x00000c38   0x00000c38   0x00000024   Code   RO          289    .text               c_w.l(_printf_char_file.o)
    0x00000c5c   0x00000c5c   0x0000001c   Code   RO          292    .text               c_w.l(_chval.o)
    0x00000c78   0x00000c78   0x000004f8   Code   RO          294    .text               c_w.l(scanf_fp.o)
    0x00001170   0x00001170   0x00000018   Code   RO          296    .text               c_w.l(scanf_char_file.o)
    0x00001188   0x00001188   0x00000008   Code   RO          369    .text               c_w.l(libspace.o)
    0x00001190   0x00001190   0x00000008   Code   RO          390    .text               c_w.l(rt_errno_addr_intlibspace.o)
    0x00001198   0x00001198   0x0000008a   Code   RO          392    .text               c_w.l(lludiv10.o)
    0x00001222   0x00001222   0x00000002   PAD
    0x00001224   0x00001224   0x00000030   Code   RO          394    .text               c_w.l(_printf_char_common.o)
    0x00001254   0x00001254   0x00000080   Code   RO          396    .text               c_w.l(_printf_fp_infnan.o)
    0x000012d4   0x000012d4   0x0000002c   Code   RO          398    .text               c_w.l(scanf_char.o)
    0x00001300   0x00001300   0x000000e4   Code   RO          400    .text               c_w.l(bigflt0.o)
    0x000013e4   0x000013e4   0x00000048   Code   RO          425    .text               c_w.l(backspace.o)
    0x0000142c   0x0000142c   0x00000008   Code   RO          427    .text               c_w.l(ferror.o)
    0x00001434   0x00001434   0x00000080   Code   RO          436    .text               c_w.l(strcmpv7m.o)
    0x000014b4   0x000014b4   0x0000004a   Code   RO          509    .text               c_w.l(sys_stackheap_outer.o)
    0x000014fe   0x000014fe   0x00000012   Code   RO          511    .text               c_w.l(isspace.o)
    0x00001510   0x00001510   0x00000374   Code   RO          515    .text               c_w.l(_scanf.o)
    0x00001884   0x00001884   0x00000320   Code   RO          517    .text               c_w.l(scanf_hexfp.o)
    0x00001ba4   0x00001ba4   0x00000134   Code   RO          519    .text               c_w.l(scanf_infnan.o)
    0x00001cd8   0x00001cd8   0x00000048   Code   RO          521    .text               c_w.l(ungetc.o)
    0x00001d20   0x00001d20   0x00000012   Code   RO          523    .text               c_w.l(exit.o)
    0x00001d32   0x00001d32   0x00000026   Code   RO          549    .text               c_w.l(llshl.o)
    0x00001d58   0x00001d58   0x0000000c   Code   RO          588    .text               c_w.l(sys_exit.o)
    0x00001d64   0x00001d64   0x00000002   Code   RO          590    .text               c_w.l(use_no_semi.o)
    0x00001d66   0x00001d66   0x00000000   Code   RO          592    .text               c_w.l(indicate_semi.o)
    0x00001d66   0x00001d66   0x0000003e   Code   RO          403    CL$$btod_d2e        c_w.l(btod.o)
    0x00001da4   0x00001da4   0x00000046   Code   RO          405    CL$$btod_d2e_denorm_low  c_w.l(btod.o)
    0x00001dea   0x00001dea   0x00000060   Code   RO          404    CL$$btod_d2e_norm_op1  c_w.l(btod.o)
    0x00001e4a   0x00001e4a   0x00000338   Code   RO          413    CL$$btod_div_common  c_w.l(btod.o)
    0x00002182   0x00002182   0x00000002   PAD
    0x00002184   0x00002184   0x00000084   Code   RO          411    CL$$btod_e2d        c_w.l(btod.o)
    0x00002208   0x00002208   0x000000dc   Code   RO          410    CL$$btod_e2e        c_w.l(btod.o)
    0x000022e4   0x000022e4   0x0000002a   Code   RO          407    CL$$btod_ediv       c_w.l(btod.o)
    0x0000230e   0x0000230e   0x0000002a   Code   RO          409    CL$$btod_edivd      c_w.l(btod.o)
    0x00002338   0x00002338   0x0000002a   Code   RO          406    CL$$btod_emul       c_w.l(btod.o)
    0x00002362   0x00002362   0x0000002a   Code   RO          408    CL$$btod_emuld      c_w.l(btod.o)
    0x0000238c   0x0000238c   0x00000244   Code   RO          412    CL$$btod_mult_common  c_w.l(btod.o)
    0x000025d0   0x000025d0   0x00000020   Code   RO            1    i.Menu1             main.o
    0x000025f0   0x000025f0   0x00000044   Code   RO            2    i.Menu2             main.o
    0x00002634   0x00002634   0x00000048   Code   RO           66    i.OutputInit        redirectprintf.o
    0x0000267c   0x0000267c   0x0000001c   Code   RO           67    i.ReadInput         redirectprintf.o
    0x00002698   0x00002698   0x00000018   Code   RO           68    i.SendOutput        redirectprintf.o
    0x000026b0   0x000026b0   0x0000006c   Code   RO          165    i.SystemInit        system_msp432p401r.o
    0x0000271c   0x0000271c   0x00000030   Code   RO          352    i.__ARM_fpclassify  m_wm.l(fpclassify.o)
    0x0000274c   0x0000274c   0x00000004   PAD
    0x00002750   0x00002750   0x000000f8   Code   RO          501    i.__hardfp___mathlib_tofloat  m_wm.l(narrow.o)
    0x00002848   0x00002848   0x000000d0   Code   RO          557    i.__hardfp_ldexp    m_wm.l(ldexp.o)
    0x00002918   0x00002918   0x00000c50   Code   RO          261    i.__hardfp_pow      m_wm.l(pow.o)
    0x00003568   0x00003568   0x000000f8   Code   RO          354    i.__kernel_poly     m_wm.l(poly.o)
    0x00003660   0x00003660   0x00000030   Code   RO          332    i.__mathlib_dbl_divzero  m_wm.l(dunder.o)
    0x00003690   0x00003690   0x00000014   Code   RO          334    i.__mathlib_dbl_infnan2  m_wm.l(dunder.o)
    0x000036a4   0x000036a4   0x00000004   PAD
    0x000036a8   0x000036a8   0x00000020   Code   RO          335    i.__mathlib_dbl_invalid  m_wm.l(dunder.o)
    0x000036c8   0x000036c8   0x00000020   Code   RO          336    i.__mathlib_dbl_overflow  m_wm.l(dunder.o)
    0x000036e8   0x000036e8   0x00000020   Code   RO          338    i.__mathlib_dbl_underflow  m_wm.l(dunder.o)
    0x00003708   0x00003708   0x00000012   Code   RO          502    i.__mathlib_narrow  m_wm.l(narrow.o)
    0x0000371a   0x0000371a   0x00000014   Code   RO          559    i.__support_ldexp   m_wm.l(ldexp.o)
    0x0000372e   0x0000372e   0x0000000e   Code   RO          225    i._is_digit         c_w.l(__printf_wp.o)
    0x0000373c   0x0000373c   0x00000140   Code   RO            3    i.calVolume         main.o
    0x0000387c   0x0000387c   0x00000018   Code   RO          348    i.fabs              m_wm.l(fabs.o)
    0x00003894   0x00003894   0x00000020   Code   RO           69    i.fgetc             redirectprintf.o
    0x000038b4   0x000038b4   0x0000000e   Code   RO           70    i.fputc             redirectprintf.o
    0x000038c2   0x000038c2   0x00000006   PAD
    0x000038c8   0x000038c8   0x0000008c   Code   RO          543    i.frexp             m_wm.l(frexp.o)
    0x00003954   0x00003954   0x00000080   Code   RO            5    i.main              main.o
    0x000039d4   0x000039d4   0x00000128   Code   RO            6    i.modString         main.o
    0x00003afc   0x00003afc   0x0000006e   Code   RO          359    i.sqrt              m_wm.l(sqrt.o)
    0x00003b6a   0x00003b6a   0x00000002   PAD
    0x00003b6c   0x00003b6c   0x0000002c   Code   RO          299    locale$$code        c_w.l(lc_ctype_c.o)
    0x00003b98   0x00003b98   0x0000002c   Code   RO          434    locale$$code        c_w.l(lc_numeric_c.o)
    0x00003bc4   0x00003bc4   0x00000018   Code   RO          301    x$fpl$basic         fz_wm.l(basic.o)
    0x00003bdc   0x00003bdc   0x00000062   Code   RO          251    x$fpl$d2f           fz_wm.l(d2f.o)
    0x00003c3e   0x00003c3e   0x00000002   PAD
    0x00003c40   0x00003c40   0x00000150   Code   RO          303    x$fpl$dadd          fz_wm.l(daddsub_clz.o)
    0x00003d90   0x00003d90   0x00000010   Code   RO          483    x$fpl$dcheck1       fz_wm.l(dcheck1.o)
    0x00003da0   0x00003da0   0x00000018   Code   RO          533    x$fpl$dcmpinf       fz_wm.l(dcmpi.o)
    0x00003db8   0x00003db8   0x000002b0   Code   RO          310    x$fpl$ddiv          fz_wm.l(ddiv.o)
    0x00004068   0x00004068   0x00000078   Code   RO          535    x$fpl$deqf          fz_wm.l(deqf.o)
    0x000040e0   0x000040e0   0x0000002e   Code   RO          314    x$fpl$dflt          fz_wm.l(dflt_clz.o)
    0x0000410e   0x0000410e   0x00000002   PAD
    0x00004110   0x00004110   0x00000078   Code   RO          485    x$fpl$dleqf         fz_wm.l(dleqf.o)
    0x00004188   0x00004188   0x00000154   Code   RO          253    x$fpl$dmul          fz_wm.l(dmul.o)
    0x000042dc   0x000042dc   0x0000009c   Code   RO          319    x$fpl$dnaninf       fz_wm.l(dnaninf.o)
    0x00004378   0x00004378   0x0000000c   Code   RO          321    x$fpl$dretinf       fz_wm.l(dretinf.o)
    0x00004384   0x00004384   0x0000006c   Code   RO          323    x$fpl$drleqf        fz_wm.l(drleqf.o)
    0x000043f0   0x000043f0   0x00000016   Code   RO          304    x$fpl$drsb          fz_wm.l(daddsub_clz.o)
    0x00004406   0x00004406   0x00000002   PAD
    0x00004408   0x00004408   0x00000198   Code   RO          487    x$fpl$dsqrt         fz_wm.l(dsqrt_umaal.o)
    0x000045a0   0x000045a0   0x000001d4   Code   RO          305    x$fpl$dsub          fz_wm.l(daddsub_clz.o)
    0x00004774   0x00004774   0x00000056   Code   RO          255    x$fpl$f2d           fz_wm.l(f2d.o)
    0x000047ca   0x000047ca   0x0000008c   Code   RO          325    x$fpl$fnaninf       fz_wm.l(fnaninf.o)
    0x00004856   0x00004856   0x0000000a   Code   RO          537    x$fpl$fpinit        fz_wm.l(fpinit.o)
    0x00004860   0x00004860   0x0000000a   Code   RO          327    x$fpl$fretinf       fz_wm.l(fretinf.o)
    0x0000486a   0x0000486a   0x00000006   Code   RO          493    x$fpl$ieeestatus    fz_wm.l(istatus.o)
    0x00004870   0x00004870   0x00000004   Code   RO          257    x$fpl$printf1       fz_wm.l(printf1.o)
    0x00004874   0x00004874   0x00000064   Code   RO          539    x$fpl$retnan        fz_wm.l(retnan.o)
    0x000048d8   0x000048d8   0x0000005c   Code   RO          329    x$fpl$scalbn        fz_wm.l(scalbn.o)
    0x00004934   0x00004934   0x00000004   Code   RO          259    x$fpl$scanf1        fz_wm.l(scanf1.o)
    0x00004938   0x00004938   0x00000008   Code   RO          495    x$fpl$scanf2        fz_wm.l(scanf2.o)
    0x00004940   0x00004940   0x00000030   Code   RO          555    x$fpl$trapveneer    fz_wm.l(trapv.o)
    0x00004970   0x00004970   0x00000000   Code   RO          331    x$fpl$usenofp       fz_wm.l(usenofp.o)
    0x00004970   0x00004970   0x00000088   Data   RO          264    .constdata          m_wm.l(pow.o)
    0x000049f8   0x000049f8   0x00000008   Data   RO          356    .constdata          m_wm.l(qnan.o)
    0x00004a00   0x00004a00   0x00000094   Data   RO          401    .constdata          c_w.l(bigflt0.o)
    0x00004a94   0x00004a94   0x0000005e   Data   RO            7    .conststring        main.o
    0x00004af2   0x00004af2   0x00000002   PAD
    0x00004af4   0x00004af4   0x00000020   Data   RO          642    Region$$Table       anon$$obj.o
    0x00004b14   0x00004b14   0x00000008   Data   RO          489    c$$dinf             fz_wm.l(fpconst.o)
    0x00004b1c   0x00004b1c   0x00000008   Data   RO          492    c$$dmax             fz_wm.l(fpconst.o)
    0x00004b24   0x00004b24   0x00000110   Data   RO          298    locale$$data        c_w.l(lc_ctype_c.o)
    0x00004c34   0x00004c34   0x0000001c   Data   RO          433    locale$$data        c_w.l(lc_numeric_c.o)


    Execution Region ER_RW (Exec base: 0x20000000, Load base: 0x00004c50, Size: 0x0000000c, Max: 0xffffffff, ABSOLUTE)

    Exec Addr    Load Addr    Size         Type   Attr      Idx    E Section Name        Object

    0x20000000   0x00004c50   0x0000000c   Data   RW           71    .data               redirectprintf.o


    Execution Region ER_ZI (Exec base: 0x2000000c, Load base: 0x00004c5c, Size: 0x00000264, Max: 0xffffffff, ABSOLUTE)

    Exec Addr    Load Addr    Size         Type   Attr      Idx    E Section Name        Object

    0x2000000c        -       0x00000060   Zero   RW          370    .bss                c_w.l(libspace.o)
    0x2000006c   0x00004c5c   0x00000004   PAD
    0x20000070        -       0x00000000   Zero   RW          155    HEAP                startup_msp432p401r_uvision.o
    0x20000070        -       0x00000200   Zero   RW          154    STACK               startup_msp432p401r_uvision.o


==============================================================================

Image component sizes


      Code (inc. data)   RO Data    RW Data    ZI Data      Debug   Object Name

       844        348         94          0          0       4403   main.o
       170         20          0         12          0       4528   redirectprintf.o
        60         22        324          0        512        916   startup_msp432p401r_uvision.o
       108         22          0          0          0        521   system_msp432p401r.o

    ----------------------------------------------------------------------
      1188        412        452         12        512      10368   Object Totals
         0          0         32          0          0          0   (incl. Generated)
         6          0          2          0          0          0   (incl. Padding)

    ----------------------------------------------------------------------

      Code (inc. data)   RO Data    RW Data    ZI Data      Debug   Library Member Name

        32          6          0          0          0         84   __0scanf.o
         8          0          0          0          0         68   __main.o
       284          0          0          0          0        156   __printf_wp.o
         0          0          0          0          0          0   __rtentry.o
        12          0          0          0          0          0   __rtentry2.o
         6          0          0          0          0          0   __rtentry4.o
        52          8          0          0          0          0   __scatter.o
        26          0          0          0          0          0   __scatter_copy.o
        28          0          0          0          0          0   __scatter_zi.o
        28          0          0          0          0         68   _chval.o
        44          0          0          0          0        108   _printf_char.o
        48          6          0          0          0         96   _printf_char_common.o
        36          4          0          0          0         80   _printf_char_file.o
         6          0          0          0          0          0   _printf_d.o
       120         16          0          0          0         92   _printf_dec.o
         6          0          0          0          0          0   _printf_f.o
      1054          0          0          0          0        216   _printf_fp_dec.o
       128         16          0          0          0         84   _printf_fp_infnan.o
       178          0          0          0          0         88   _printf_intcommon.o
         0          0          0          0          0          0   _printf_percent.o
         4          0          0          0          0          0   _printf_percent_end.o
         6          0          0          0          0          0   _printf_s.o
        82          0          0          0          0         80   _printf_str.o
        22          0          0          0          0        100   _rserrno.o
       884          6          0          0          0        100   _scanf.o
       332          0          0          0          0         96   _scanf_int.o
       224          0          0          0          0         96   _scanf_str.o
        72          0          0          0          0         92   backspace.o
       228          4        148          0          0         96   bigflt0.o
      2152        136          0          0          0        960   btod.o
        18          0          0          0          0         80   exit.o
         8          0          0          0          0         68   ferror.o
         6          0          0          0          0        152   heapauxi.o
         0          0          0          0          0          0   indicate_semi.o
        18          0          0          0          0         76   isspace.o
        44         10        272          0          0         76   lc_ctype_c.o
        44         10         28          0          0         76   lc_numeric_c.o
         2          0          0          0          0          0   libinit.o
        34          0          0          0          0          0   libinit2.o
         2          0          0          0          0          0   libshutdown.o
         2          0          0          0          0          0   libshutdown2.o
         8          4          0          0         96         68   libspace.o
        38          0          0          0          0         68   llshl.o
       138          0          0          0          0         80   lludiv10.o
        24          4          0          0          0         84   noretval__2printf.o
        16          4          0          0          0         76   rt_ctype_table.o
         8          4          0          0          0         68   rt_errno_addr_intlibspace.o
         8          4          0          0          0         68   rt_locale_intlibspace.o
         2          0          0          0          0          0   rtexit.o
        10          0          0          0          0          0   rtexit2.o
        44          8          0          0          0         84   scanf_char.o
        24          8          0          0          0         68   scanf_char_file.o
      1272         16          0          0          0        168   scanf_fp.o
       800         14          0          0          0        100   scanf_hexfp.o
       308         16          0          0          0        100   scanf_infnan.o
       128          0          0          0          0         68   strcmpv7m.o
        62          0          0          0          0         76   strlen.o
        12          4          0          0          0         68   sys_exit.o
        74          0          0          0          0         80   sys_stackheap_outer.o
        26          0          0          0          0         76   tolower.o
        30          0          0          0          0         76   toupper.o
        72         12          0          0          0         68   ungetc.o
         2          0          0          0          0         68   use_no_semi.o
        24          0          0          0          0        164   basic.o
        98          4          0          0          0        140   d2f.o
       826         16          0          0          0        492   daddsub_clz.o
        16          4          0          0          0        116   dcheck1.o
        24          0          0          0          0        116   dcmpi.o
       688        140          0          0          0        256   ddiv.o
       120          4          0          0          0        140   deqf.o
        46          0          0          0          0        116   dflt_clz.o
       120          4          0          0          0        140   dleqf.o
       340         12          0          0          0        152   dmul.o
       156          4          0          0          0        140   dnaninf.o
        12          0          0          0          0        116   dretinf.o
       108          0          0          0          0        128   drleqf.o
       408         56          0          0          0        168   dsqrt_umaal.o
        86          4          0          0          0        132   f2d.o
       140          4          0          0          0        132   fnaninf.o
         0          0         16          0          0          0   fpconst.o
        10          0          0          0          0        116   fpinit.o
        10          0          0          0          0        116   fretinf.o
         6          0          0          0          0        116   istatus.o
         4          0          0          0          0        116   printf1.o
       100          0          0          0          0        116   retnan.o
        92          0          0          0          0        116   scalbn.o
         4          0          0          0          0        116   scanf1.o
         8          0          0          0          0        132   scanf2.o
        48          0          0          0          0        116   trapv.o
         0          0          0          0          0          0   usenofp.o
       164         44          0          0          0        620   dunder.o
        24          0          0          0          0        124   fabs.o
        48          0          0          0          0        124   fpclassify.o
       140         22          0          0          0        132   frexp.o
       228          8          0          0          0        308   ldexp.o
       266         16          0          0          0        308   narrow.o
       248          0          0          0          0        152   poly.o
      3152        296        136          0          0        352   pow.o
         0          0          8          0          0          0   qnan.o
       110          0          0          0          0        148   sqrt.o

    ----------------------------------------------------------------------
     17288        960        608          0        100      10876   Library Totals
        28          2          0          0          4          0   (incl. Padding)

    ----------------------------------------------------------------------

      Code (inc. data)   RO Data    RW Data    ZI Data      Debug   Library Name

      9386        320        448          0         96       4900   c_w.l
      3494        252         16          0          0       3708   fz_wm.l
      4380        386        144          0          0       2268   m_wm.l

    ----------------------------------------------------------------------
     17288        960        608          0        100      10876   Library Totals

    ----------------------------------------------------------------------

==============================================================================


      Code (inc. data)   RO Data    RW Data    ZI Data      Debug   

     18476       1372       1060         12        612      13588   Grand Totals
     18476       1372       1060         12        612      13588   ELF Image Totals
     18476       1372       1060         12          0          0   ROM Totals

==============================================================================

    Total RO  Size (Code + RO Data)                19536 (  19.08kB)
    Total RW  Size (RW Data + ZI Data)               624 (   0.61kB)
    Total ROM Size (Code + RO Data + RW Data)      19548 (  19.09kB)

==============================================================================

